ARM Linker, 5.03 [Build 76] [MDK-ARM Professional]

==============================================================================

Section Cross References

    hw_config.o(i.Enter_LowPowerMode) refers to usb_pwr.o(.data) for bDeviceState
    hw_config.o(i.InitCOM) refers to stm32f10x_rcc.o(i.RCC_APB2PeriphClockCmd) for RCC_APB2PeriphClockCmd
    hw_config.o(i.InitCOM) refers to stm32f10x_gpio.o(i.GPIO_Init) for GPIO_Init
    hw_config.o(i.InitCOM) refers to stm32f10x_usart.o(i.USART_Init) for USART_Init
    hw_config.o(i.InitCOM) refers to misc.o(i.NVIC_Init) for NVIC_Init
    hw_config.o(i.InitCOM) refers to stm32f10x_usart.o(i.USART_ITConfig) for USART_ITConfig
    hw_config.o(i.InitCOM) refers to stm32f10x_usart.o(i.USART_Cmd) for USART_Cmd
    hw_config.o(i.Leave_LowPowerMode) refers to usb_init.o(.bss) for Device_Info
    hw_config.o(i.Leave_LowPowerMode) refers to usb_pwr.o(.data) for bDeviceState
    hw_config.o(i.Periphery_Config) refers to led.o(i.Led_Init) for Led_Init
    hw_config.o(i.Periphery_Config) refers to servo.o(i.Servo_Init) for Servo_Init
    hw_config.o(i.RCC_Config) refers to stm32f10x_rcc.o(i.RCC_DeInit) for RCC_DeInit
    hw_config.o(i.RCC_Config) refers to stm32f10x_rcc.o(i.RCC_HSEConfig) for RCC_HSEConfig
    hw_config.o(i.RCC_Config) refers to stm32f10x_rcc.o(i.RCC_WaitForHSEStartUp) for RCC_WaitForHSEStartUp
    hw_config.o(i.RCC_Config) refers to stm32f10x_flash.o(i.FLASH_PrefetchBufferCmd) for FLASH_PrefetchBufferCmd
    hw_config.o(i.RCC_Config) refers to stm32f10x_flash.o(i.FLASH_SetLatency) for FLASH_SetLatency
    hw_config.o(i.RCC_Config) refers to stm32f10x_rcc.o(i.RCC_HCLKConfig) for RCC_HCLKConfig
    hw_config.o(i.RCC_Config) refers to stm32f10x_rcc.o(i.RCC_PCLK2Config) for RCC_PCLK2Config
    hw_config.o(i.RCC_Config) refers to stm32f10x_rcc.o(i.RCC_PCLK1Config) for RCC_PCLK1Config
    hw_config.o(i.RCC_Config) refers to stm32f10x_rcc.o(i.RCC_PLLConfig) for RCC_PLLConfig
    hw_config.o(i.RCC_Config) refers to stm32f10x_rcc.o(i.RCC_PLLCmd) for RCC_PLLCmd
    hw_config.o(i.RCC_Config) refers to stm32f10x_rcc.o(i.RCC_GetFlagStatus) for RCC_GetFlagStatus
    hw_config.o(i.RCC_Config) refers to stm32f10x_rcc.o(i.RCC_SYSCLKConfig) for RCC_SYSCLKConfig
    hw_config.o(i.RCC_Config) refers to stm32f10x_rcc.o(i.RCC_GetSYSCLKSource) for RCC_GetSYSCLKSource
    hw_config.o(i.RCC_Config) refers to hw_config.o(.data) for .data
    hw_config.o(i.Set_System) refers to hw_config.o(i.RCC_Config) for RCC_Config
    hw_config.o(i.Set_System) refers to hw_config.o(i.USB_Disconnect_Config) for USB_Disconnect_Config
    hw_config.o(i.Set_USBClock) refers to stm32f10x_rcc.o(i.RCC_USBCLKConfig) for RCC_USBCLKConfig
    hw_config.o(i.Set_USBClock) refers to stm32f10x_rcc.o(i.RCC_APB1PeriphClockCmd) for RCC_APB1PeriphClockCmd
    hw_config.o(i.USART1_IRQHandler) refers to stm32f10x_usart.o(i.USART_ReceiveData) for USART_ReceiveData
    hw_config.o(i.USART1_IRQHandler) refers to printf3.o(i.__0printf$3) for __2printf
    hw_config.o(i.USB_Cable_Config) refers to stm32f10x_gpio.o(i.GPIO_ResetBits) for GPIO_ResetBits
    hw_config.o(i.USB_Cable_Config) refers to stm32f10x_gpio.o(i.GPIO_SetBits) for GPIO_SetBits
    hw_config.o(i.USB_Disconnect_Config) refers to stm32f10x_rcc.o(i.RCC_APB2PeriphClockCmd) for RCC_APB2PeriphClockCmd
    hw_config.o(i.USB_Disconnect_Config) refers to stm32f10x_gpio.o(i.GPIO_SetBits) for GPIO_SetBits
    hw_config.o(i.USB_Disconnect_Config) refers to stm32f10x_gpio.o(i.GPIO_Init) for GPIO_Init
    hw_config.o(i.USB_Interrupts_Config) refers to misc.o(i.NVIC_PriorityGroupConfig) for NVIC_PriorityGroupConfig
    hw_config.o(i.USB_Interrupts_Config) refers to misc.o(i.NVIC_Init) for NVIC_Init
    hw_config.o(i.fputc) refers to stm32f10x_usart.o(i.USART_SendData) for USART_SendData
    hw_config.o(i.fputc) refers to stm32f10x_usart.o(i.USART_GetFlagStatus) for USART_GetFlagStatus
    led.o(i.LED_GetBlinkState) refers to led.o(.data) for .data
    led.o(i.LED_GetState) refers to led.o(.data) for .data
    led.o(i.LED_Off) refers to stm32f10x_gpio.o(i.GPIO_ResetBits) for GPIO_ResetBits
    led.o(i.LED_Off) refers to led.o(.data) for .data
    led.o(i.LED_On) refers to stm32f10x_gpio.o(i.GPIO_SetBits) for GPIO_SetBits
    led.o(i.LED_On) refers to led.o(.data) for .data
    led.o(i.LED_OnBlink) refers to led.o(i.LED_On) for LED_On
    led.o(i.LED_OnBlink) refers to led.o(i.LED_Off) for LED_Off
    led.o(i.LED_OnBlink) refers to led.o(.data) for .data
    led.o(i.LED_SysTick_Handler) refers to stm32f10x_gpio.o(i.GPIO_SetBits) for GPIO_SetBits
    led.o(i.LED_SysTick_Handler) refers to stm32f10x_gpio.o(i.GPIO_ResetBits) for GPIO_ResetBits
    led.o(i.LED_SysTick_Handler) refers to led.o(.data) for .data
    led.o(i.Led_Init) refers to stm32f10x_rcc.o(i.RCC_APB2PeriphClockCmd) for RCC_APB2PeriphClockCmd
    led.o(i.Led_Init) refers to stm32f10x_gpio.o(i.GPIO_Init) for GPIO_Init
    led.o(i.Led_Init) refers to led.o(.data) for .data
[...]
    Removing stm32f10x_exti.o(i.EXTI_GetITStatus), (32 bytes).
    Removing stm32f10x_exti.o(i.EXTI_Init), (112 bytes).
    Removing stm32f10x_exti.o(i.EXTI_StructInit), (14 bytes).
    Removing stm32f10x_flash.o(i.FLASH_ClearFlag), (12 bytes).
    Removing stm32f10x_flash.o(i.FLASH_EnableWriteProtection), (168 bytes).
    Removing stm32f10x_flash.o(i.FLASH_EraseAllPages), (60 bytes).
    Removing stm32f10x_flash.o(i.FLASH_EraseOptionBytes), (116 bytes).
    Removing stm32f10x_flash.o(i.FLASH_ErasePage), (64 bytes).
    Removing stm32f10x_flash.o(i.FLASH_GetFlagStatus), (32 bytes).
    Removing stm32f10x_flash.o(i.FLASH_GetPrefetchBufferStatus), (20 bytes).
    Removing stm32f10x_flash.o(i.FLASH_GetReadOutProtectionStatus), (20 bytes).
    Removing stm32f10x_flash.o(i.FLASH_GetStatus), (40 bytes).
    Removing stm32f10x_flash.o(i.FLASH_GetUserOptionByte), (12 bytes).
    Removing stm32f10x_flash.o(i.FLASH_GetWriteProtectionOptionByte), (12 bytes).
    Removing stm32f10x_flash.o(i.FLASH_HalfCycleAccessCmd), (24 bytes).
    Removing stm32f10x_flash.o(i.FLASH_ITConfig), (24 bytes).
    Removing stm32f10x_flash.o(i.FLASH_Lock), (16 bytes).
    Removing stm32f10x_flash.o(i.FLASH_ProgramHalfWord), (56 bytes).
    Removing stm32f10x_flash.o(i.FLASH_ProgramOptionByteData), (72 bytes).
    Removing stm32f10x_flash.o(i.FLASH_ProgramWord), (76 bytes).
    Removing stm32f10x_flash.o(i.FLASH_ReadOutProtection), (136 bytes).
    Removing stm32f10x_flash.o(i.FLASH_Unlock), (24 bytes).
    Removing stm32f10x_flash.o(i.FLASH_UserOptionByteConfig), (88 bytes).
    Removing stm32f10x_flash.o(i.FLASH_WaitForLastOperation), (46 bytes).
    Removing stm32f10x_fsmc.o(i.FSMC_ClearFlag), (36 bytes).
    Removing stm32f10x_fsmc.o(i.FSMC_ClearITPendingBit), (40 bytes).
    Removing stm32f10x_fsmc.o(i.FSMC_GetECC), (18 bytes).
    Removing stm32f10x_fsmc.o(i.FSMC_GetFlagStatus), (40 bytes).
    Removing stm32f10x_fsmc.o(i.FSMC_GetITStatus), (48 bytes).
    Removing stm32f10x_fsmc.o(i.FSMC_ITConfig), (68 bytes).
    Removing stm32f10x_fsmc.o(i.FSMC_NANDCmd), (56 bytes).
    Removing stm32f10x_fsmc.o(i.FSMC_NANDDeInit), (40 bytes).
    Removing stm32f10x_fsmc.o(i.FSMC_NANDECCCmd), (56 bytes).
    Removing stm32f10x_fsmc.o(i.FSMC_NANDInit), (104 bytes).
    Removing stm32f10x_fsmc.o(i.FSMC_NANDStructInit), (54 bytes).
    Removing stm32f10x_fsmc.o(i.FSMC_NORSRAMCmd), (32 bytes).
    Removing stm32f10x_fsmc.o(i.FSMC_NORSRAMDeInit), (36 bytes).
    Removing stm32f10x_fsmc.o(i.FSMC_NORSRAMInit), (188 bytes).
    Removing stm32f10x_fsmc.o(i.FSMC_NORSRAMStructInit), (96 bytes).
    Removing stm32f10x_fsmc.o(i.FSMC_PCCARDCmd), (32 bytes).
    Removing stm32f10x_fsmc.o(i.FSMC_PCCARDDeInit), (28 bytes).
    Removing stm32f10x_fsmc.o(i.FSMC_PCCARDInit), (104 bytes).
    Removing stm32f10x_fsmc.o(i.FSMC_PCCARDStructInit), (60 bytes).
    Removing stm32f10x_gpio.o(i.GPIO_AFIODeInit), (22 bytes).
    Removing stm32f10x_gpio.o(i.GPIO_DeInit), (180 bytes).
    Removing stm32f10x_gpio.o(i.GPIO_ETH_MediaInterfaceConfig), (12 bytes).
    Removing stm32f10x_gpio.o(i.GPIO_EXTILineConfig), (40 bytes).
    Removing stm32f10x_gpio.o(i.GPIO_EventOutputCmd), (12 bytes).
    Removing stm32f10x_gpio.o(i.GPIO_EventOutputConfig), (28 bytes).
    Removing stm32f10x_gpio.o(i.GPIO_PinLockConfig), (16 bytes).
    Removing stm32f10x_gpio.o(i.GPIO_PinRemapConfig), (72 bytes).
    Removing stm32f10x_gpio.o(i.GPIO_ReadInputData), (6 bytes).
    Removing stm32f10x_gpio.o(i.GPIO_ReadInputDataBit), (14 bytes).
    Removing stm32f10x_gpio.o(i.GPIO_ReadOutputData), (6 bytes).
    Removing stm32f10x_gpio.o(i.GPIO_ReadOutputDataBit), (14 bytes).
    Removing stm32f10x_gpio.o(i.GPIO_StructInit), (16 bytes).
    Removing stm32f10x_gpio.o(i.GPIO_Write), (4 bytes).
    Removing stm32f10x_gpio.o(i.GPIO_WriteBit), (10 bytes).
    Removing stm32f10x_rcc.o(i.RCC_ADCCLKConfig), (20 bytes).
    Removing stm32f10x_rcc.o(i.RCC_AHBPeriphClockCmd), (24 bytes).
    Removing stm32f10x_rcc.o(i.RCC_APB1PeriphResetCmd), (24 bytes).
    Removing stm32f10x_rcc.o(i.RCC_APB2PeriphResetCmd), (24 bytes).
    Removing stm32f10x_rcc.o(i.RCC_AdjustHSICalibrationValue), (20 bytes).
    Removing stm32f10x_rcc.o(i.RCC_BackupResetCmd), (12 bytes).
    Removing stm32f10x_rcc.o(i.RCC_ClearFlag), (16 bytes).
    Removing stm32f10x_rcc.o(i.RCC_ClearITPendingBit), (12 bytes).
    Removing stm32f10x_rcc.o(i.RCC_ClockSecuritySystemCmd), (12 bytes).
    Removing stm32f10x_rcc.o(i.RCC_GetITStatus), (20 bytes).
    Removing stm32f10x_rcc.o(i.RCC_HSICmd), (12 bytes).
    Removing stm32f10x_rcc.o(i.RCC_ITConfig), (24 bytes).
    Removing stm32f10x_rcc.o(i.RCC_LSEConfig), (32 bytes).
    Removing stm32f10x_rcc.o(i.RCC_LSICmd), (12 bytes).
    Removing stm32f10x_rcc.o(i.RCC_MCOConfig), (12 bytes).
    Removing stm32f10x_rcc.o(i.RCC_RTCCLKCmd), (12 bytes).
    Removing stm32f10x_rcc.o(i.RCC_RTCCLKConfig), (16 bytes).
    Removing stm32f10x_sdio.o(i.SDIO_CEATAITCmd), (16 bytes).
    Removing stm32f10x_sdio.o(i.SDIO_ClearFlag), (12 bytes).
    Removing stm32f10x_sdio.o(i.SDIO_ClearITPendingBit), (12 bytes).
    Removing stm32f10x_sdio.o(i.SDIO_ClockCmd), (12 bytes).
    Removing stm32f10x_sdio.o(i.SDIO_CmdStructInit), (14 bytes).
    Removing stm32f10x_sdio.o(i.SDIO_CommandCompletionCmd), (12 bytes).
    Removing stm32f10x_sdio.o(i.SDIO_DMACmd), (12 bytes).
    Removing stm32f10x_sdio.o(i.SDIO_DataConfig), (44 bytes).
    Removing stm32f10x_sdio.o(i.SDIO_DataStructInit), (20 bytes).
    Removing stm32f10x_sdio.o(i.SDIO_DeInit), (36 bytes).
    Removing stm32f10x_sdio.o(i.SDIO_GetCommandResponse), (12 bytes).
    Removing stm32f10x_sdio.o(i.SDIO_GetDataCounter), (12 bytes).
    Removing stm32f10x_sdio.o(i.SDIO_GetFIFOCount), (12 bytes).
    Removing stm32f10x_sdio.o(i.SDIO_GetFlagStatus), (20 bytes).
    Removing stm32f10x_sdio.o(i.SDIO_GetITStatus), (20 bytes).
    Removing stm32f10x_sdio.o(i.SDIO_GetPowerState), (16 bytes).
    Removing stm32f10x_sdio.o(i.SDIO_GetResponse), (16 bytes).
    Removing stm32f10x_sdio.o(i.SDIO_ITConfig), (24 bytes).
    Removing stm32f10x_sdio.o(i.SDIO_Init), (44 bytes).
    Removing stm32f10x_sdio.o(i.SDIO_ReadData), (12 bytes).
    Removing stm32f10x_sdio.o(i.SDIO_SendCEATACmd), (12 bytes).
    Removing stm32f10x_sdio.o(i.SDIO_SendCommand), (40 bytes).
    Removing stm32f10x_sdio.o(i.SDIO_SendSDIOSuspendCmd), (12 bytes).
    Removing stm32f10x_sdio.o(i.SDIO_SetPowerState), (24 bytes).
    Removing stm32f10x_sdio.o(i.SDIO_SetSDIOOperation), (12 bytes).
    Removing stm32f10x_sdio.o(i.SDIO_SetSDIOReadWaitMode), (12 bytes).
    Removing stm32f10x_sdio.o(i.SDIO_StartSDIOReadWait), (12 bytes).
    Removing stm32f10x_sdio.o(i.SDIO_StopSDIOReadWait), (12 bytes).
    Removing stm32f10x_sdio.o(i.SDIO_StructInit), (16 bytes).
    Removing stm32f10x_sdio.o(i.SDIO_WriteData), (12 bytes).
    Removing stm32f10x_spi.o(i.I2S_Cmd), (20 bytes).
    Removing stm32f10x_spi.o(i.I2S_Init), (152 bytes).
    Removing stm32f10x_spi.o(i.I2S_StructInit), (18 bytes).
    Removing stm32f10x_spi.o(i.SPI_BiDirectionalLineConfig), (22 bytes).
    Removing stm32f10x_spi.o(i.SPI_CalculateCRC), (20 bytes).
    Removing stm32f10x_spi.o(i.SPI_Cmd), (20 bytes).
    Removing stm32f10x_spi.o(i.SPI_DataSizeConfig), (16 bytes).
    Removing stm32f10x_spi.o(i.SPI_GetCRC), (12 bytes).
    Removing stm32f10x_spi.o(i.SPI_GetCRCPolynomial), (4 bytes).
    Removing stm32f10x_spi.o(i.SPI_I2S_ClearFlag), (6 bytes).
    Removing stm32f10x_spi.o(i.SPI_I2S_ClearITPendingBit), (14 bytes).
    Removing stm32f10x_spi.o(i.SPI_I2S_DMACmd), (16 bytes).
    Removing stm32f10x_spi.o(i.SPI_I2S_DeInit), (84 bytes).
    Removing stm32f10x_spi.o(i.SPI_I2S_GetFlagStatus), (14 bytes).
    Removing stm32f10x_spi.o(i.SPI_I2S_GetITStatus), (42 bytes).
    Removing stm32f10x_spi.o(i.SPI_I2S_ITConfig), (24 bytes).
    Removing stm32f10x_spi.o(i.SPI_I2S_ReceiveData), (4 bytes).
    Removing stm32f10x_spi.o(i.SPI_I2S_SendData), (4 bytes).
    Removing stm32f10x_spi.o(i.SPI_Init), (56 bytes).
    Removing stm32f10x_spi.o(i.SPI_NSSInternalSoftwareConfig), (24 bytes).
    Removing stm32f10x_spi.o(i.SPI_SSOutputCmd), (20 bytes).
    Removing stm32f10x_spi.o(i.SPI_StructInit), (24 bytes).
    Removing stm32f10x_spi.o(i.SPI_TransmitCRC), (10 bytes).
    Removing stm32f10x_tim.o(i.TI1_Config), (46 bytes).
    Removing stm32f10x_tim.o(i.TI2_Config), (54 bytes).
    Removing stm32f10x_tim.o(i.TIM_BDTRConfig), (34 bytes).
    Removing stm32f10x_tim.o(i.TIM_BDTRStructInit), (18 bytes).
    Removing stm32f10x_tim.o(i.TIM_CCPreloadControl), (20 bytes).
    Removing stm32f10x_tim.o(i.TIM_CCxCmd), (22 bytes).
    Removing stm32f10x_tim.o(i.TIM_CCxNCmd), (22 bytes).
    Removing stm32f10x_tim.o(i.TIM_ClearFlag), (6 bytes).
    Removing stm32f10x_tim.o(i.TIM_ClearITPendingBit), (6 bytes).
    Removing stm32f10x_tim.o(i.TIM_ClearOC1Ref), (12 bytes).
    Removing stm32f10x_tim.o(i.TIM_ClearOC2Ref), (20 bytes).
    Removing stm32f10x_tim.o(i.TIM_ClearOC3Ref), (12 bytes).
    Removing stm32f10x_tim.o(i.TIM_ClearOC4Ref), (20 bytes).
    Removing stm32f10x_tim.o(i.TIM_CounterModeConfig), (14 bytes).
    Removing stm32f10x_tim.o(i.TIM_CtrlPWMOutputs), (22 bytes).
    Removing stm32f10x_tim.o(i.TIM_DMACmd), (16 bytes).
    Removing stm32f10x_tim.o(i.TIM_DMAConfig), (8 bytes).
    Removing stm32f10x_tim.o(i.TIM_DeInit), (200 bytes).
    Removing stm32f10x_tim.o(i.TIM_ETRClockMode1Config), (18 bytes).
    Removing stm32f10x_tim.o(i.TIM_ETRClockMode2Config), (18 bytes).
    Removing stm32f10x_tim.o(i.TIM_ETRConfig), (24 bytes).
    Removing stm32f10x_tim.o(i.TIM_EncoderInterfaceConfig), (50 bytes).
    Removing stm32f10x_tim.o(i.TIM_ForcedOC1Config), (12 bytes).
    Removing stm32f10x_tim.o(i.TIM_ForcedOC2Config), (20 bytes).
    Removing stm32f10x_tim.o(i.TIM_ForcedOC3Config), (12 bytes).
    Removing stm32f10x_tim.o(i.TIM_ForcedOC4Config), (20 bytes).
    Removing stm32f10x_tim.o(i.TIM_GenerateEvent), (4 bytes).
    Removing stm32f10x_tim.o(i.TIM_GetCapture1), (4 bytes).
    Removing stm32f10x_tim.o(i.TIM_GetCapture2), (4 bytes).
    Removing stm32f10x_tim.o(i.TIM_GetCapture3), (4 bytes).
    Removing stm32f10x_tim.o(i.TIM_GetCapture4), (6 bytes).
    Removing stm32f10x_tim.o(i.TIM_GetCounter), (4 bytes).
    Removing stm32f10x_tim.o(i.TIM_GetFlagStatus), (14 bytes).
    Removing stm32f10x_tim.o(i.TIM_GetITStatus), (24 bytes).
    Removing stm32f10x_tim.o(i.TIM_GetPrescaler), (4 bytes).
    Removing stm32f10x_tim.o(i.TIM_ICInit), (172 bytes).
    Removing stm32f10x_tim.o(i.TIM_ICStructInit), (16 bytes).
    Removing stm32f10x_tim.o(i.TIM_ITConfig), (16 bytes).
    Removing stm32f10x_tim.o(i.TIM_ITRxExternalClockConfig), (18 bytes).
    Removing stm32f10x_tim.o(i.TIM_InternalClockConfig), (10 bytes).
    Removing stm32f10x_tim.o(i.TIM_OC1FastConfig), (12 bytes).
    Removing stm32f10x_tim.o(i.TIM_OC1NPolarityConfig), (12 bytes).
    Removing stm32f10x_tim.o(i.TIM_OC1PolarityConfig), (12 bytes).
    Removing stm32f10x_tim.o(i.TIM_OC1PreloadConfig), (12 bytes).
    Removing stm32f10x_tim.o(i.TIM_OC2FastConfig), (20 bytes).
    Removing stm32f10x_tim.o(i.TIM_OC2NPolarityConfig), (20 bytes).
    Removing stm32f10x_tim.o(i.TIM_OC2PolarityConfig), (20 bytes).
    Removing stm32f10x_tim.o(i.TIM_OC3FastConfig), (12 bytes).
    Removing stm32f10x_tim.o(i.TIM_OC3NPolarityConfig), (20 bytes).
    Removing stm32f10x_tim.o(i.TIM_OC3PolarityConfig), (20 bytes).
    Removing stm32f10x_tim.o(i.TIM_OC3PreloadConfig), (12 bytes).
    Removing stm32f10x_tim.o(i.TIM_OC4FastConfig), (20 bytes).
    Removing stm32f10x_tim.o(i.TIM_OC4PolarityConfig), (20 bytes).
    Removing stm32f10x_tim.o(i.TIM_OC4PreloadConfig), (20 bytes).
    Removing stm32f10x_tim.o(i.TIM_OCStructInit), (20 bytes).
    Removing stm32f10x_tim.o(i.TIM_PWMIConfig), (108 bytes).
    Removing stm32f10x_tim.o(i.TIM_PrescalerConfig), (6 bytes).
    Removing stm32f10x_tim.o(i.TIM_SelectCCDMA), (20 bytes).
    Removing stm32f10x_tim.o(i.TIM_SelectCOM), (20 bytes).
    Removing stm32f10x_tim.o(i.TIM_SelectHallSensor), (20 bytes).
    Removing stm32f10x_tim.o(i.TIM_SelectInputTrigger), (12 bytes).
    Removing stm32f10x_tim.o(i.TIM_SelectMasterSlaveMode), (16 bytes).
    Removing stm32f10x_tim.o(i.TIM_SelectOCxM), (74 bytes).
    Removing stm32f10x_tim.o(i.TIM_SelectOnePulseMode), (18 bytes).
    Removing stm32f10x_tim.o(i.TIM_SelectOutputTrigger), (16 bytes).
    Removing stm32f10x_tim.o(i.TIM_SelectSlaveMode), (16 bytes).
    Removing stm32f10x_tim.o(i.TIM_SetAutoreload), (4 bytes).
    Removing stm32f10x_tim.o(i.TIM_SetClockDivision), (14 bytes).
    Removing stm32f10x_tim.o(i.TIM_SetCompare1), (4 bytes).
    Removing stm32f10x_tim.o(i.TIM_SetCompare2), (4 bytes).
    Removing stm32f10x_tim.o(i.TIM_SetCompare3), (4 bytes).
    Removing stm32f10x_tim.o(i.TIM_SetCompare4), (6 bytes).
    Removing stm32f10x_tim.o(i.TIM_SetCounter), (4 bytes).
    Removing stm32f10x_tim.o(i.TIM_SetIC1Prescaler), (16 bytes).
    Removing stm32f10x_tim.o(i.TIM_SetIC2Prescaler), (24 bytes).
    Removing stm32f10x_tim.o(i.TIM_SetIC3Prescaler), (16 bytes).
    Removing stm32f10x_tim.o(i.TIM_SetIC4Prescaler), (24 bytes).
    Removing stm32f10x_tim.o(i.TIM_TIxExternalClockConfig), (46 bytes).
    Removing stm32f10x_tim.o(i.TIM_TimeBaseStructInit), (18 bytes).
    Removing stm32f10x_tim.o(i.TIM_UpdateDisableConfig), (22 bytes).
    Removing stm32f10x_tim.o(i.TIM_UpdateRequestConfig), (22 bytes).
    Removing stm32f10x_usart.o(i.USART_ClearFlag), (6 bytes).
    Removing stm32f10x_usart.o(i.USART_ClearITPendingBit), (12 bytes).
    Removing stm32f10x_usart.o(i.USART_ClockInit), (30 bytes).
    Removing stm32f10x_usart.o(i.USART_ClockStructInit), (12 bytes).
    Removing stm32f10x_usart.o(i.USART_DMACmd), (16 bytes).
    Removing stm32f10x_usart.o(i.USART_DeInit), (116 bytes).
    Removing stm32f10x_usart.o(i.USART_GetITStatus), (62 bytes).
    Removing stm32f10x_usart.o(i.USART_HalfDuplexCmd), (20 bytes).
    Removing stm32f10x_usart.o(i.USART_IrDACmd), (20 bytes).
    Removing stm32f10x_usart.o(i.USART_IrDAConfig), (16 bytes).
    Removing stm32f10x_usart.o(i.USART_LINBreakDetectLengthConfig), (16 bytes).
    Removing stm32f10x_usart.o(i.USART_LINCmd), (20 bytes).
    Removing stm32f10x_usart.o(i.USART_ReceiverWakeUpCmd), (20 bytes).
    Removing stm32f10x_usart.o(i.USART_SendBreak), (10 bytes).
    Removing stm32f10x_usart.o(i.USART_SetAddress), (16 bytes).
    Removing stm32f10x_usart.o(i.USART_SetGuardTime), (16 bytes).
    Removing stm32f10x_usart.o(i.USART_SetPrescaler), (16 bytes).
    Removing stm32f10x_usart.o(i.USART_SmartCardCmd), (20 bytes).
    Removing stm32f10x_usart.o(i.USART_SmartCardNACKCmd), (20 bytes).
    Removing stm32f10x_usart.o(i.USART_StructInit), (22 bytes).
    Removing stm32f10x_usart.o(i.USART_WakeUpConfig), (16 bytes).
    Removing startup_stm32f10x_ld.o(HEAP), (512 bytes).
    Removing core_cm3.o(.emb_text), (32 bytes).
    Removing system_stm32f10x.o(i.SetSysClockTo72), (168 bytes).
    Removing system_stm32f10x.o(i.SystemInit), (64 bytes).
    Removing system_stm32f10x.o(.constdata), (4 bytes).
    Removing system_stm32f10x.o(.constdata), (4 bytes).
    Removing system_stm32f10x.o(.constdata), (4 bytes).
    Removing system_stm32f10x.o(.constdata), (4 bytes).
    Removing dadd.o(.text), (334 bytes).
    Removing dmul.o(.text), (228 bytes).
    Removing ddiv.o(.text), (222 bytes).
    Removing dfixul.o(.text), (48 bytes).
    Removing cdrcmple.o(.text), (40 bytes).
    Removing depilogue.o(.text), (190 bytes).

315 unused section(s) (total 10757 bytes) removed from the image.

==============================================================================

Image Symbol Table

    Local Symbols

    Symbol Name                              Value     Ov Type        Size  Object(Section)

    ../clib/../cmprslib/zerorunl2.c          0x00000000   Number         0  __dczerorl2.o ABSOLUTE
    ../clib/microlib/division.c              0x00000000   Number         0  uldiv.o ABSOLUTE
    ../clib/microlib/division.c              0x00000000   Number         0  uidiv.o ABSOLUTE
    ../clib/microlib/init/entry.s            0x00000000   Number         0  entry10b.o ABSOLUTE
    ../clib/microlib/init/entry.s            0x00000000   Number         0  entry9a.o ABSOLUTE
    ../clib/microlib/init/entry.s            0x00000000   Number         0  entry9b.o ABSOLUTE
    ../clib/microlib/init/entry.s            0x00000000   Number         0  entry10a.o ABSOLUTE
    ../clib/microlib/init/entry.s            0x00000000   Number         0  entry2.o ABSOLUTE
    ../clib/microlib/init/entry.s            0x00000000   Number         0  entry8b.o ABSOLUTE
    ../clib/microlib/init/entry.s            0x00000000   Number         0  entry11a.o ABSOLUTE
    ../clib/microlib/init/entry.s            0x00000000   Number         0  entry5.o ABSOLUTE
    ../clib/microlib/init/entry.s            0x00000000   Number         0  entry11b.o ABSOLUTE
    ../clib/microlib/init/entry.s            0x00000000   Number         0  entry.o ABSOLUTE
    ../clib/microlib/init/entry.s            0x00000000   Number         0  entry7a.o ABSOLUTE
    ../clib/microlib/init/entry.s            0x00000000   Number         0  entry8a.o ABSOLUTE
    ../clib/microlib/init/entry.s            0x00000000   Number         0  entry7b.o ABSOLUTE
    ../clib/microlib/longlong.c              0x00000000   Number         0  llshl.o ABSOLUTE
    ../clib/microlib/longlong.c              0x00000000   Number         0  llsshr.o ABSOLUTE
    ../clib/microlib/longlong.c              0x00000000   Number         0  llushr.o ABSOLUTE
    ../clib/microlib/printf/printf.c         0x00000000   Number         0  printf3.o ABSOLUTE
    ../clib/microlib/printf/printf.c         0x00000000   Number         0  printf2.o ABSOLUTE
    ../clib/microlib/printf/printf.c         0x00000000   Number         0  printf1.o ABSOLUTE
    ../clib/microlib/printf/printf.c         0x00000000   Number         0  printf0.o ABSOLUTE
    ../clib/microlib/printf/printf.c         0x00000000   Number         0  printfb.o ABSOLUTE
    ../clib/microlib/printf/printf.c         0x00000000   Number         0  printfa.o ABSOLUTE
    ../clib/microlib/printf/printf.c         0x00000000   Number         0  printf4.o ABSOLUTE
    ../clib/microlib/printf/printf.c         0x00000000   Number         0  printf8.o ABSOLUTE
    ../clib/microlib/printf/printf.c         0x00000000   Number         0  printf7.o ABSOLUTE
    ../clib/microlib/printf/printf.c         0x00000000   Number         0  printf6.o ABSOLUTE
    ../clib/microlib/printf/printf.c         0x00000000   Number         0  printf5.o ABSOLUTE
    ../clib/microlib/printf/stubs.s          0x00000000   Number         0  stubs.o ABSOLUTE
    ../clib/microlib/stdio/streams.c         0x00000000   Number         0  stdout.o ABSOLUTE
    ../clib/microlib/stubs.s                 0x00000000   Number         0  iusefp.o ABSOLUTE
    ../fplib/microlib/fpadd.c                0x00000000   Number         0  dadd.o ABSOLUTE
    ../fplib/microlib/fpdiv.c                0x00000000   Number         0  ddiv.o ABSOLUTE
    ../fplib/microlib/fpepilogue.c           0x00000000   Number         0  depilogue.o ABSOLUTE
    ../fplib/microlib/fpfix.c                0x00000000   Number         0  dfixul.o ABSOLUTE
    ../fplib/microlib/fpmul.c                0x00000000   Number         0  dmul.o ABSOLUTE
    Libraries\CMSIS\Core\CM3\core_cm3.c      0x00000000   Number         0  core_cm3.o ABSOLUTE
    Libraries\CMSIS\Core\CM3\startup\arm\startup_stm32f10x_ld.s 0x00000000   Number         0  startup_stm32f10x_ld.o ABSOLUTE
    Libraries\CMSIS\Core\CM3\system_stm32f10x.c 0x00000000   Number         0  system_stm32f10x.o ABSOLUTE
    Libraries\STM32F10x_StdPeriph_Driver\src\misc.c 0x00000000   Number         0  misc.o ABSOLUTE
    Libraries\STM32F10x_StdPeriph_Driver\src\stm32f10x_dma.c 0x00000000   Number         0  stm32f10x_dma.o ABSOLUTE
    Libraries\STM32F10x_StdPeriph_Driver\src\stm32f10x_exti.c 0x00000000   Number         0  stm32f10x_exti.o ABSOLUTE
    Libraries\STM32F10x_StdPeriph_Driver\src\stm32f10x_flash.c 0x00000000   Number         0  stm32f10x_flash.o ABSOLUTE
    Libraries\STM32F10x_StdPeriph_Driver\src\stm32f10x_fsmc.c 0x00000000   Number         0  stm32f10x_fsmc.o ABSOLUTE
    Libraries\STM32F10x_StdPeriph_Driver\src\stm32f10x_gpio.c 0x00000000   Number         0  stm32f10x_gpio.o ABSOLUTE
    Libraries\STM32F10x_StdPeriph_Driver\src\stm32f10x_rcc.c 0x00000000   Number         0  stm32f10x_rcc.o ABSOLUTE
    Libraries\STM32F10x_StdPeriph_Driver\src\stm32f10x_sdio.c 0x00000000   Number         0  stm32f10x_sdio.o ABSOLUTE
    Libraries\STM32F10x_StdPeriph_Driver\src\stm32f10x_spi.c 0x00000000   Number         0  stm32f10x_spi.o ABSOLUTE
    Libraries\STM32F10x_StdPeriph_Driver\src\stm32f10x_tim.c 0x00000000   Number         0  stm32f10x_tim.o ABSOLUTE
    Libraries\STM32F10x_StdPeriph_Driver\src\stm32f10x_usart.c 0x00000000   Number         0  stm32f10x_usart.o ABSOLUTE
    Libraries\STM32_USB-FS-Device_Driver\src\otgd_fs_cal.c 0x00000000   Number         0  otgd_fs_cal.o ABSOLUTE
    Libraries\STM32_USB-FS-Device_Driver\src\otgd_fs_dev.c 0x00000000   Number         0  otgd_fs_dev.o ABSOLUTE
    Libraries\STM32_USB-FS-Device_Driver\src\otgd_fs_int.c 0x00000000   Number         0  otgd_fs_int.o ABSOLUTE
    Libraries\STM32_USB-FS-Device_Driver\src\otgd_fs_pcd.c 0x00000000   Number         0  otgd_fs_pcd.o ABSOLUTE
    Libraries\STM32_USB-FS-Device_Driver\src\usb_core.c 0x00000000   Number         0  usb_core.o ABSOLUTE
    Libraries\STM32_USB-FS-Device_Driver\src\usb_init.c 0x00000000   Number         0  usb_init.o ABSOLUTE
    Libraries\STM32_USB-FS-Device_Driver\src\usb_int.c 0x00000000   Number         0  usb_int.o ABSOLUTE
    Libraries\STM32_USB-FS-Device_Driver\src\usb_mem.c 0x00000000   Number         0  usb_mem.o ABSOLUTE
    Libraries\STM32_USB-FS-Device_Driver\src\usb_regs.c 0x00000000   Number         0  usb_regs.o ABSOLUTE
    Libraries\STM32_USB-FS-Device_Driver\src\usb_sil.c 0x00000000   Number         0  usb_sil.o ABSOLUTE
    Libraries\\CMSIS\\Core\\CM3\\core_cm3.c  0x00000000   Number         0  core_cm3.o ABSOLUTE
    cdrcmple.s                               0x00000000   Number         0  cdrcmple.o ABSOLUTE
    dc.s                                     0x00000000   Number         0  dc.o ABSOLUTE
    handlers.s                               0x00000000   Number         0  handlers.o ABSOLUTE
    init.s                                   0x00000000   Number         0  init.o ABSOLUTE
    src\hw_config.c                          0x00000000   Number         0  hw_config.o ABSOLUTE
    src\led.c                                0x00000000   Number         0  led.o ABSOLUTE
    src\main.c                               0x00000000   Number         0  main.o ABSOLUTE
    src\servo.c                              0x00000000   Number         0  servo.o ABSOLUTE
    src\stm32f10x_it.c                       0x00000000   Number         0  stm32f10x_it.o ABSOLUTE
    src\usb_desc.c                           0x00000000   Number         0  usb_desc.o ABSOLUTE
    src\usb_endp.c                           0x00000000   Number         0  usb_endp.o ABSOLUTE
    src\usb_istr.c                           0x00000000   Number         0  usb_istr.o ABSOLUTE
    src\usb_prop.c                           0x00000000   Number         0  usb_prop.o ABSOLUTE
    src\usb_pwr.c                            0x00000000   Number         0  usb_pwr.o ABSOLUTE
    src\user_usb.c                           0x00000000   Number         0  user_usb.o ABSOLUTE
    RESET                                    0x08000000   Section      236  startup_stm32f10x_ld.o(RESET)
    .ARM.Collect$$$$00000000                 0x080000ec   Section        0  entry.o(.ARM.Collect$$$$00000000)
    .ARM.Collect$$$$00000001                 0x080000ec   Section        4  entry2.o(.ARM.Collect$$$$00000001)
    .ARM.Collect$$$$00000004                 0x080000f0   Section        4  entry5.o(.ARM.Collect$$$$00000004)
    .ARM.Collect$$$$00000008                 0x080000f4   Section        0  entry7b.o(.ARM.Collect$$$$00000008)
    .ARM.Collect$$$$0000000A                 0x080000f4   Section        0  entry8b.o(.ARM.Collect$$$$0000000A)
    .ARM.Collect$$$$0000000B                 0x080000f4   Section        8  entry9a.o(.ARM.Collect$$$$0000000B)
    .ARM.Collect$$$$0000000D                 0x080000fc   Section        0  entry10a.o(.ARM.Collect$$$$0000000D)
    .ARM.Collect$$$$0000000F                 0x080000fc   Section        0  entry11a.o(.ARM.Collect$$$$0000000F)
    .ARM.Collect$$$$00002712                 0x080000fc   Section        4  entry2.o(.ARM.Collect$$$$00002712)
    __lit__00000000                          0x080000fc   Data           4  entry2.o(.ARM.Collect$$$$00002712)
    .text                                    0x08000100   Section       28  startup_stm32f10x_ld.o(.text)
    .text                                    0x0800011c   Section        0  uidiv.o(.text)
    .text                                    0x08000148   Section       36  init.o(.text)
    .text                                    0x0800016c   Section        0  __dczerorl2.o(.text)
    i.BusFault_Handler                       0x080001c8   Section        0  stm32f10x_it.o(i.BusFault_Handler)
    i.ByteSwap                               0x080001e0   Section        0  usb_regs.o(i.ByteSwap)
    i.CTR_HP                                 0x080001ec   Section        0  usb_int.o(i.CTR_HP)
    i.CTR_LP                                 0x08000260   Section        0  usb_int.o(i.CTR_LP)
    i.ClearDTOG_RX                           0x080003b0   Section        0  usb_regs.o(i.ClearDTOG_RX)
    i.ClearDTOG_TX                           0x080003d4   Section        0  usb_regs.o(i.ClearDTOG_TX)
    i.Clear_Status_Out                       0x080003f8   Section        0  usb_regs.o(i.Clear_Status_Out)
    i.DataStageIn                            0x08000414   Section        0  usb_core.o(i.DataStageIn)
    DataStageIn                              0x08000415   Thumb Code   156  usb_core.o(i.DataStageIn)
    i.DataStageOut                           0x080004c8   Section        0  usb_core.o(i.DataStageOut)
    DataStageOut                             0x080004c9   Thumb Code   142  usb_core.o(i.DataStageOut)
    i.Data_Setup0                            0x0800056c   Section        0  usb_core.o(i.Data_Setup0)
    Data_Setup0                              0x0800056d   Thumb Code   372  usb_core.o(i.Data_Setup0)
    i.DebugMon_Handler                       0x08000704   Section        0  stm32f10x_it.o(i.DebugMon_Handler)
    i.EP1_IN_Callback                        0x08000706   Section        0  usb_endp.o(i.EP1_IN_Callback)
    i.EP2_OUT_Callback                       0x08000708   Section        0  usb_endp.o(i.EP2_OUT_Callback)
    i.EP3_IN_Callback                        0x0800071c   Section        0  usb_endp.o(i.EP3_IN_Callback)
    i.EP4_OUT_Callback                       0x0800071e   Section        0  usb_endp.o(i.EP4_OUT_Callback)
    i.FLASH_PrefetchBufferCmd                0x08000728   Section        0  stm32f10x_flash.o(i.FLASH_PrefetchBufferCmd)
    i.FLASH_SetLatency                       0x08000740   Section        0  stm32f10x_flash.o(i.FLASH_SetLatency)
    i.GPIO_Init                              0x08000754   Section        0  stm32f10x_gpio.o(i.GPIO_Init)
    i.GPIO_ResetBits                         0x080007f2   Section        0  stm32f10x_gpio.o(i.GPIO_ResetBits)
    i.GPIO_SetBits                           0x080007f6   Section        0  stm32f10x_gpio.o(i.GPIO_SetBits)
    i.GetEPRxAddr                            0x080007fc   Section        0  usb_regs.o(i.GetEPRxAddr)
    i.GetEPRxCount                           0x0800081c   Section        0  usb_regs.o(i.GetEPRxCount)
    i.GetEPTxAddr                            0x0800083c   Section        0  usb_regs.o(i.GetEPTxAddr)
    i.GetPulseWidthByRotation                0x08000858   Section        0  servo.o(i.GetPulseWidthByRotation)
    i.Get_SerialNum                          0x0800086c   Section        0  hw_config.o(i.Get_SerialNum)
    i.HardFault_Handler                      0x08000870   Section        0  stm32f10x_it.o(i.HardFault_Handler)
    i.In0_Process                            0x08000888   Section        0  usb_core.o(i.In0_Process)
    i.InitCOM                                0x080008e4   Section        0  hw_config.o(i.InitCOM)
    i.LED_GetBlinkState                      0x0800098c   Section        0  led.o(i.LED_GetBlinkState)
    i.LED_GetState                           0x080009b8   Section        0  led.o(i.LED_GetState)
    i.LED_Off                                0x080009cc   Section        0  led.o(i.LED_Off)
    i.LED_On                                 0x080009f8   Section        0  led.o(i.LED_On)
    i.LED_OnBlink                            0x08000a30   Section        0  led.o(i.LED_OnBlink)
    i.LED_SysTick_Handler                    0x08000a74   Section        0  led.o(i.LED_SysTick_Handler)
    i.Led_Init                               0x08000b04   Section        0  led.o(i.Led_Init)
    i.MemManage_Handler                      0x08000b74   Section        0  stm32f10x_it.o(i.MemManage_Handler)
    i.NMI_Handler                            0x08000b90   Section        0  stm32f10x_it.o(i.NMI_Handler)
    i.NOP_Process                            0x08000b92   Section        0  usb_core.o(i.NOP_Process)
    i.NVIC_Init                              0x08000b94   Section        0  misc.o(i.NVIC_Init)
    i.NVIC_PriorityGroupConfig               0x08000bf8   Section        0  misc.o(i.NVIC_PriorityGroupConfig)
    i.NoData_Setup0                          0x08000c0c   Section        0  usb_core.o(i.NoData_Setup0)
    NoData_Setup0                            0x08000c0d   Thumb Code   196  usb_core.o(i.NoData_Setup0)
    i.Out0_Process                           0x08000ce4   Section        0  usb_core.o(i.Out0_Process)
    i.PMAToUserBufferCopy                    0x08000d2c   Section        0  usb_mem.o(i.PMAToUserBufferCopy)
    i.PendSV_Handler                         0x08000d4c   Section        0  stm32f10x_it.o(i.PendSV_Handler)
    i.Periphery_Config                       0x08000d4e   Section        0  hw_config.o(i.Periphery_Config)
    i.Post0_Process                          0x08000d5c   Section        0  usb_core.o(i.Post0_Process)
    i.PowerOn                                0x08000da0   Section        0  usb_pwr.o(i.PowerOn)
    i.RCC_APB1PeriphClockCmd                 0x08000dcc   Section        0  stm32f10x_rcc.o(i.RCC_APB1PeriphClockCmd)
    i.RCC_APB2PeriphClockCmd                 0x08000de4   Section        0  stm32f10x_rcc.o(i.RCC_APB2PeriphClockCmd)
    i.RCC_Config                             0x08000dfc   Section        0  hw_config.o(i.RCC_Config)
    RCC_Config                               0x08000dfd   Thumb Code   106  hw_config.o(i.RCC_Config)
    i.RCC_DeInit                             0x08000e6c   Section        0  stm32f10x_rcc.o(i.RCC_DeInit)
    i.RCC_GetClocksFreq                      0x08000eac   Section        0  stm32f10x_rcc.o(i.RCC_GetClocksFreq)
    i.RCC_GetFlagStatus                      0x08000f40   Section        0  stm32f10x_rcc.o(i.RCC_GetFlagStatus)
    i.RCC_GetSYSCLKSource                    0x08000f70   Section        0  stm32f10x_rcc.o(i.RCC_GetSYSCLKSource)
    i.RCC_HCLKConfig                         0x08000f80   Section        0  stm32f10x_rcc.o(i.RCC_HCLKConfig)
    i.RCC_HSEConfig                          0x08000f94   Section        0  stm32f10x_rcc.o(i.RCC_HSEConfig)
    i.RCC_PCLK1Config                        0x08000fc8   Section        0  stm32f10x_rcc.o(i.RCC_PCLK1Config)
    i.RCC_PCLK2Config                        0x08000fdc   Section        0  stm32f10x_rcc.o(i.RCC_PCLK2Config)
    i.RCC_PLLCmd                             0x08000ff0   Section        0  stm32f10x_rcc.o(i.RCC_PLLCmd)
    i.RCC_PLLConfig                          0x08000ffc   Section        0  stm32f10x_rcc.o(i.RCC_PLLConfig)
    i.RCC_SYSCLKConfig                       0x08001010   Section        0  stm32f10x_rcc.o(i.RCC_SYSCLKConfig)
    i.RCC_USBCLKConfig                       0x08001024   Section        0  stm32f10x_rcc.o(i.RCC_USBCLKConfig)
    i.RCC_WaitForHSEStartUp                  0x08001030   Section        0  stm32f10x_rcc.o(i.RCC_WaitForHSEStartUp)
    i.SVC_Handler                            0x0800105c   Section        0  stm32f10x_it.o(i.SVC_Handler)
    i.Servo_Init                             0x08001060   Section        0  servo.o(i.Servo_Init)
    i.Servo_SetRotation                      0x080011b4   Section        0  servo.o(i.Servo_SetRotation)
    i.SetBTABLE                              0x080011f4   Section        0  usb_regs.o(i.SetBTABLE)
    i.SetDeviceAddress                       0x08001204   Section        0  usb_core.o(i.SetDeviceAddress)
    i.SetEPRxAddr                            0x08001244   Section        0  usb_regs.o(i.SetEPRxAddr)
    i.SetEPRxCount                           0x08001264   Section        0  usb_regs.o(i.SetEPRxCount)
    i.SetEPRxStatus                          0x080012a4   Section        0  usb_regs.o(i.SetEPRxStatus)
    i.SetEPRxValid                           0x080012d4   Section        0  usb_regs.o(i.SetEPRxValid)
    i.SetEPTxAddr                            0x080012f4   Section        0  usb_regs.o(i.SetEPTxAddr)
    i.SetEPTxCount                           0x08001314   Section        0  usb_regs.o(i.SetEPTxCount)
    i.SetEPTxStatus                          0x08001330   Section        0  usb_regs.o(i.SetEPTxStatus)
    i.SetEPTxValid                           0x08001360   Section        0  usb_regs.o(i.SetEPTxValid)
    i.SetEPType                              0x08001380   Section        0  usb_regs.o(i.SetEPType)
    i.Set_System                             0x08001398   Section        0  hw_config.o(i.Set_System)
    i.Set_USBClock                           0x080013a6   Section        0  hw_config.o(i.Set_USBClock)
    i.Setup0_Process                         0x080013bc   Section        0  usb_core.o(i.Setup0_Process)
    i.Standard_ClearFeature                  0x08001424   Section        0  usb_core.o(i.Standard_ClearFeature)
    i.Standard_GetConfiguration              0x08001510   Section        0  usb_core.o(i.Standard_GetConfiguration)
    i.Standard_GetDescriptorData             0x08001538   Section        0  usb_core.o(i.Standard_GetDescriptorData)
    i.Standard_GetInterface                  0x08001554   Section        0  usb_core.o(i.Standard_GetInterface)
    i.Standard_GetStatus                     0x0800157c   Section        0  usb_core.o(i.Standard_GetStatus)
    i.Standard_SetConfiguration              0x0800160c   Section        0  usb_core.o(i.Standard_SetConfiguration)
    i.Standard_SetDeviceFeature              0x08001644   Section        0  usb_core.o(i.Standard_SetDeviceFeature)
    i.Standard_SetEndPointFeature            0x08001668   Section        0  usb_core.o(i.Standard_SetEndPointFeature)
    i.Standard_SetInterface                  0x080016e8   Section        0  usb_core.o(i.Standard_SetInterface)
    i.SysTick_Handler                        0x08001730   Section        0  stm32f10x_it.o(i.SysTick_Handler)
    i.TIM_ARRPreloadConfig                   0x08001734   Section        0  stm32f10x_tim.o(i.TIM_ARRPreloadConfig)
    i.TIM_Cmd                                0x0800174a   Section        0  stm32f10x_tim.o(i.TIM_Cmd)
    i.TIM_OC1Init                            0x08001760   Section        0  stm32f10x_tim.o(i.TIM_OC1Init)
    i.TIM_OC2Init                            0x080017c0   Section        0  stm32f10x_tim.o(i.TIM_OC2Init)
    i.TIM_OC2PreloadConfig                   0x08001840   Section        0  stm32f10x_tim.o(i.TIM_OC2PreloadConfig)
    i.TIM_OC3Init                            0x08001854   Section        0  stm32f10x_tim.o(i.TIM_OC3Init)
    i.TIM_OC4Init                            0x080018d0   Section        0  stm32f10x_tim.o(i.TIM_OC4Init)
    i.TIM_TimeBaseInit                       0x08001934   Section        0  stm32f10x_tim.o(i.TIM_TimeBaseInit)
    i.Timmy_Data_Setup                       0x08001970   Section        0  usb_prop.o(i.Timmy_Data_Setup)
    i.Timmy_GetConfigDescriptor              0x08001974   Section        0  usb_prop.o(i.Timmy_GetConfigDescriptor)
    i.Timmy_GetDeviceDescriptor              0x08001980   Section        0  usb_prop.o(i.Timmy_GetDeviceDescriptor)
    i.Timmy_GetStringDescriptor              0x0800198c   Section        0  usb_prop.o(i.Timmy_GetStringDescriptor)
    i.Timmy_Get_Interface_Setting            0x080019ac   Section        0  usb_prop.o(i.Timmy_Get_Interface_Setting)
    i.Timmy_NoData_Setup                     0x080019b6   Section        0  usb_prop.o(i.Timmy_NoData_Setup)
    i.Timmy_Reset                            0x080019bc   Section        0  usb_prop.o(i.Timmy_Reset)
    i.Timmy_SetConfiguration                 0x08001ad4   Section        0  usb_prop.o(i.Timmy_SetConfiguration)
    i.Timmy_SetDeviceAddress                 0x08001b0c   Section        0  usb_prop.o(i.Timmy_SetDeviceAddress)
    i.Timmy_Status_In                        0x08001b18   Section        0  usb_prop.o(i.Timmy_Status_In)
    i.Timmy_Status_Out                       0x08001b1a   Section        0  usb_prop.o(i.Timmy_Status_Out)
    i.Timmy_init                             0x08001b1c   Section        0  usb_prop.o(i.Timmy_init)
    i.USART1_IRQHandler                      0x08001b40   Section        0  hw_config.o(i.USART1_IRQHandler)
    i.USART_Cmd                              0x08001b5c   Section        0  stm32f10x_usart.o(i.USART_Cmd)
    i.USART_GetFlagStatus                    0x08001b70   Section        0  stm32f10x_usart.o(i.USART_GetFlagStatus)
    i.USART_ITConfig                         0x08001b7e   Section        0  stm32f10x_usart.o(i.USART_ITConfig)
    i.USART_Init                             0x08001bb0   Section        0  stm32f10x_usart.o(i.USART_Init)
    i.USART_ReceiveData                      0x08001c3c   Section        0  stm32f10x_usart.o(i.USART_ReceiveData)
    i.USART_SendData                         0x08001c44   Section        0  stm32f10x_usart.o(i.USART_SendData)
    i.USB_Cable_Config                       0x08001c4c   Section        0  hw_config.o(i.USB_Cable_Config)
    i.USB_Disconnect_Config                  0x08001c64   Section        0  hw_config.o(i.USB_Disconnect_Config)
    i.USB_HP_CAN1_TX_IRQHandler              0x08001ca0   Section        0  stm32f10x_it.o(i.USB_HP_CAN1_TX_IRQHandler)
    i.USB_Init                               0x08001ca4   Section        0  usb_init.o(i.USB_Init)
    i.USB_Interrupts_Config                  0x08001ccc   Section        0  hw_config.o(i.USB_Interrupts_Config)
    i.USB_Istr                               0x08001d0c   Section        0  usb_istr.o(i.USB_Istr)
    i.USB_LP_CAN1_RX0_IRQHandler             0x08001d54   Section        0  stm32f10x_it.o(i.USB_LP_CAN1_RX0_IRQHandler)
    i.USB_SIL_Init                           0x08001d58   Section        0  usb_sil.o(i.USB_SIL_Init)
    i.USB_SIL_Read                           0x08001d78   Section        0  usb_sil.o(i.USB_SIL_Read)
    i.USB_SIL_Write                          0x08001d9c   Section        0  usb_sil.o(i.USB_SIL_Write)
    i.UsageFault_Handler                     0x08001dc4   Section        0  stm32f10x_it.o(i.UsageFault_Handler)
    i.UserToPMABufferCopy                    0x08001ddc   Section        0  usb_mem.o(i.UserToPMABufferCopy)
    i.__0printf$3                            0x08001e04   Section        0  printf3.o(i.__0printf$3)
    i.__scatterload_copy                     0x08001e24   Section       14  handlers.o(i.__scatterload_copy)
    i.__scatterload_null                     0x08001e32   Section        2  handlers.o(i.__scatterload_null)
    i.__scatterload_zeroinit                 0x08001e34   Section       14  handlers.o(i.__scatterload_zeroinit)
    i._printf_core                           0x08001e44   Section        0  printf3.o(i._printf_core)
    _printf_core                             0x08001e45   Thumb Code   436  printf3.o(i._printf_core)
    i.fputc                                  0x08001ffc   Section        0  hw_config.o(i.fputc)
    i.handle_led_request                     0x08002020   Section        0  user_usb.o(i.handle_led_request)
    i.main                                   0x08002094   Section        0  main.o(i.main)
    i.printboard                             0x08002168   Section        0  main.o(i.printboard)
    i.usb_handle_command                     0x08002174   Section        0  user_usb.o(i.usb_handle_command)
    .constdata                               0x08002204   Section       21  main.o(.constdata)
    .constdata                               0x08002219   Section       18  usb_desc.o(.constdata)
    .constdata                               0x0800222b   Section       46  usb_desc.o(.constdata)
    .constdata                               0x08002259   Section        4  usb_desc.o(.constdata)
    .constdata                               0x0800225d   Section       36  usb_desc.o(.constdata)
    .constdata                               0x08002281   Section       12  usb_desc.o(.constdata)
    .constdata                               0x0800228d   Section       20  usb_desc.o(.constdata)
    .constdata                               0x080022a4   Section        4  system_stm32f10x.o(.constdata)
    .data                                    0x20000000   Section        1  hw_config.o(.data)
    .data                                    0x20000004   Section       64  led.o(.data)
    .data                                    0x20000044   Section       72  servo.o(.data)
    .data                                    0x2000008c   Section       26  usb_desc.o(.data)
    .data                                    0x200000a8   Section       28  usb_istr.o(.data)
    .data                                    0x200000c4   Section       28  usb_istr.o(.data)
    .data                                    0x200000e0   Section        2  usb_istr.o(.data)
    .data                                    0x200000e2   Section        2  usb_prop.o(.data)
    .data                                    0x200000e4   Section      104  usb_prop.o(.data)
    .data                                    0x2000014c   Section       36  usb_prop.o(.data)
    .data                                    0x20000170   Section        4  usb_pwr.o(.data)
    .data                                    0x20000174   Section        4  usb_core.o(.data)
    .data                                    0x20000178   Section        1  usb_init.o(.data)
    .data                                    0x2000017c   Section       12  usb_init.o(.data)
    .data                                    0x20000188   Section        2  usb_init.o(.data)
    .data                                    0x2000018a   Section        4  usb_int.o(.data)
    .data                                    0x2000018e   Section       20  stm32f10x_rcc.o(.data)
    ADCPrescTable                            0x2000018e   Data           4  stm32f10x_rcc.o(.data)
    APBAHBPrescTable                         0x20000192   Data          16  stm32f10x_rcc.o(.data)
    .data                                    0x200001a4   Section        4  stdout.o(.data)
    .bss                                     0x200001a8   Section       28  usb_init.o(.bss)
    STACK                                    0x200001c8   Section     1024  startup_stm32f10x_ld.o(STACK)

    Global Symbols

    Symbol Name                              Value     Ov Type        Size  Object(Section)

    BuildAttributes$$THM_ISAv4$P$D$K$B$S$PE$A:L22UL41UL21$X:L11$S22US41US21$IEEE1$IW$USESV6$~STKCKD$USESV7$~SHL$OSPACE$ROPI$EBA8$MICROLIB$REQ8$PRES8$EABIv2 0x00000000   Number         0  anon$$obj.o ABSOLUTE
    __ARM_use_no_argv                        0x00000000   Number         0  main.o ABSOLUTE
    _printf_a                                0x00000000   Number         0  stubs.o ABSOLUTE
    _printf_c                                0x00000000   Number         0  stubs.o ABSOLUTE
    _printf_charcount                        0x00000000   Number         0  stubs.o ABSOLUTE
    _printf_d                                0x00000000   Number         0  stubs.o ABSOLUTE
    _printf_e                                0x00000000   Number         0  stubs.o ABSOLUTE
    _printf_f                                0x00000000   Number         0  stubs.o ABSOLUTE
    _printf_flags                            0x00000000   Number         0  stubs.o ABSOLUTE
    _printf_fp_dec                           0x00000000   Number         0  stubs.o ABSOLUTE
    _printf_fp_hex                           0x00000000   Number         0  stubs.o ABSOLUTE
    _printf_g                                0x00000000   Number         0  stubs.o ABSOLUTE
    _printf_i                                0x00000000   Number         0  stubs.o ABSOLUTE
    _printf_int_dec                          0x00000000   Number         0  stubs.o ABSOLUTE
    _printf_l                                0x00000000   Number         0  stubs.o ABSOLUTE
    _printf_lc                               0x00000000   Number         0  stubs.o ABSOLUTE
    _printf_ll                               0x00000000   Number         0  stubs.o ABSOLUTE
    _printf_lld                              0x00000000   Number         0  stubs.o ABSOLUTE
    _printf_lli                              0x00000000   Number         0  stubs.o ABSOLUTE
    _printf_llo                              0x00000000   Number         0  stubs.o ABSOLUTE
    _printf_llu                              0x00000000   Number         0  stubs.o ABSOLUTE
    _printf_llx                              0x00000000   Number         0  stubs.o ABSOLUTE
    _printf_longlong_dec                     0x00000000   Number         0  stubs.o ABSOLUTE
    _printf_longlong_hex                     0x00000000   Number         0  stubs.o ABSOLUTE
    _printf_longlong_oct                     0x00000000   Number         0  stubs.o ABSOLUTE
    _printf_ls                               0x00000000   Number         0  stubs.o ABSOLUTE
    _printf_mbtowc                           0x00000000   Number         0  stubs.o ABSOLUTE
    _printf_n                                0x00000000   Number         0  stubs.o ABSOLUTE
    _printf_o                                0x00000000   Number         0  stubs.o ABSOLUTE
    _printf_p                                0x00000000   Number         0  stubs.o ABSOLUTE
    _printf_percent                          0x00000000   Number         0  stubs.o ABSOLUTE
    _printf_pre_padding                      0x00000000   Number         0  stubs.o ABSOLUTE
    _printf_return_value                     0x00000000   Number         0  stubs.o ABSOLUTE
    _printf_s                                0x00000000   Number         0  stubs.o ABSOLUTE
    _printf_sizespec                         0x00000000   Number         0  stubs.o ABSOLUTE
    _printf_str                              0x00000000   Number         0  stubs.o ABSOLUTE
    _printf_truncate_signed                  0x00000000   Number         0  stubs.o ABSOLUTE
    _printf_truncate_unsigned                0x00000000   Number         0  stubs.o ABSOLUTE
    _printf_u                                0x00000000   Number         0  stubs.o ABSOLUTE
    _printf_wc                               0x00000000   Number         0  stubs.o ABSOLUTE
    _printf_wctomb                           0x00000000   Number         0  stubs.o ABSOLUTE
    _printf_widthprec                        0x00000000   Number         0  stubs.o ABSOLUTE
    _printf_x                                0x00000000   Number         0  stubs.o ABSOLUTE
    __cpp_initialize__aeabi_                  - Undefined Weak Reference
    __cxa_finalize                            - Undefined Weak Reference
    _clock_init                               - Undefined Weak Reference
    _microlib_exit                            - Undefined Weak Reference
    __Vectors_Size                           0x000000ec   Number         0  startup_stm32f10x_ld.o ABSOLUTE
    __Vectors                                0x08000000   Data           4  startup_stm32f10x_ld.o(RESET)
    __Vectors_End                            0x080000ec   Data           0  startup_stm32f10x_ld.o(RESET)
    __main                                   0x080000ed   Thumb Code     0  entry.o(.ARM.Collect$$$$00000000)
    _main_stk                                0x080000ed   Thumb Code     0  entry2.o(.ARM.Collect$$$$00000001)
    _main_scatterload                        0x080000f1   Thumb Code     0  entry5.o(.ARM.Collect$$$$00000004)
    __main_after_scatterload                 0x080000f5   Thumb Code     0  entry5.o(.ARM.Collect$$$$00000004)
    _main_clock                              0x080000f5   Thumb Code     0  entry7b.o(.ARM.Collect$$$$00000008)
    _main_cpp_init                           0x080000f5   Thumb Code     0  entry8b.o(.ARM.Collect$$$$0000000A)
    _main_init                               0x080000f5   Thumb Code     0  entry9a.o(.ARM.Collect$$$$0000000B)
    __rt_final_cpp                           0x080000fd   Thumb Code     0  entry10a.o(.ARM.Collect$$$$0000000D)
    __rt_final_exit                          0x080000fd   Thumb Code     0  entry11a.o(.ARM.Collect$$$$0000000F)
    Reset_Handler                            0x08000101   Thumb Code     4  startup_stm32f10x_ld.o(.text)
    ADC1_2_IRQHandler                        0x08000117   Thumb Code     0  startup_stm32f10x_ld.o(.text)
    CAN1_RX1_IRQHandler                      0x08000117   Thumb Code     0  startup_stm32f10x_ld.o(.text)
    CAN1_SCE_IRQHandler                      0x08000117   Thumb Code     0  startup_stm32f10x_ld.o(.text)
    DMA1_Channel1_IRQHandler                 0x08000117   Thumb Code     0  startup_stm32f10x_ld.o(.text)
    DMA1_Channel2_IRQHandler                 0x08000117   Thumb Code     0  startup_stm32f10x_ld.o(.text)
    DMA1_Channel3_IRQHandler                 0x08000117   Thumb Code     0  startup_stm32f10x_ld.o(.text)
    DMA1_Channel4_IRQHandler                 0x08000117   Thumb Code     0  startup_stm32f10x_ld.o(.text)
    DMA1_Channel5_IRQHandler                 0x08000117   Thumb Code     0  startup_stm32f10x_ld.o(.text)
    DMA1_Channel6_IRQHandler                 0x08000117   Thumb Code     0  startup_stm32f10x_ld.o(.text)
    DMA1_Channel7_IRQHandler                 0x08000117   Thumb Code     0  startup_stm32f10x_ld.o(.text)
    EXTI0_IRQHandler                         0x08000117   Thumb Code     0  startup_stm32f10x_ld.o(.text)
    EXTI15_10_IRQHandler                     0x08000117   Thumb Code     0  startup_stm32f10x_ld.o(.text)
    EXTI1_IRQHandler                         0x08000117   Thumb Code     0  startup_stm32f10x_ld.o(.text)
    EXTI2_IRQHandler                         0x08000117   Thumb Code     0  startup_stm32f10x_ld.o(.text)
    EXTI3_IRQHandler                         0x08000117   Thumb Code     0  startup_stm32f10x_ld.o(.text)
    EXTI4_IRQHandler                         0x08000117   Thumb Code     0  startup_stm32f10x_ld.o(.text)
    EXTI9_5_IRQHandler                       0x08000117   Thumb Code     0  startup_stm32f10x_ld.o(.text)
    FLASH_IRQHandler                         0x08000117   Thumb Code     0  startup_stm32f10x_ld.o(.text)
    I2C1_ER_IRQHandler                       0x08000117   Thumb Code     0  startup_stm32f10x_ld.o(.text)
    I2C1_EV_IRQHandler                       0x08000117   Thumb Code     0  startup_stm32f10x_ld.o(.text)
    PVD_IRQHandler                           0x08000117   Thumb Code     0  startup_stm32f10x_ld.o(.text)
    RCC_IRQHandler                           0x08000117   Thumb Code     0  startup_stm32f10x_ld.o(.text)
    RTCAlarm_IRQHandler                      0x08000117   Thumb Code     0  startup_stm32f10x_ld.o(.text)
    RTC_IRQHandler                           0x08000117   Thumb Code     0  startup_stm32f10x_ld.o(.text)
    SPI1_IRQHandler                          0x08000117   Thumb Code     0  startup_stm32f10x_ld.o(.text)
    TAMPER_IRQHandler                        0x08000117   Thumb Code     0  startup_stm32f10x_ld.o(.text)
    TIM1_BRK_IRQHandler                      0x08000117   Thumb Code     0  startup_stm32f10x_ld.o(.text)
    TIM1_CC_IRQHandler                       0x08000117   Thumb Code     0  startup_stm32f10x_ld.o(.text)
    TIM1_TRG_COM_IRQHandler                  0x08000117   Thumb Code     0  startup_stm32f10x_ld.o(.text)
    TIM1_UP_IRQHandler                       0x08000117   Thumb Code     0  startup_stm32f10x_ld.o(.text)
    TIM2_IRQHandler                          0x08000117   Thumb Code     0  startup_stm32f10x_ld.o(.text)
    TIM3_IRQHandler                          0x08000117   Thumb Code     0  startup_stm32f10x_ld.o(.text)
    USART2_IRQHandler                        0x08000117   Thumb Code     0  startup_stm32f10x_ld.o(.text)
    USBWakeUp_IRQHandler                     0x08000117   Thumb Code     0  startup_stm32f10x_ld.o(.text)
    WWDG_IRQHandler                          0x08000117   Thumb Code     0  startup_stm32f10x_ld.o(.text)
    __aeabi_uidiv                            0x0800011d   Thumb Code     0  uidiv.o(.text)
    __aeabi_uidivmod                         0x0800011d   Thumb Code    44  uidiv.o(.text)
    __scatterload                            0x08000149   Thumb Code    28  init.o(.text)
    __scatterload_rt2                        0x08000149   Thumb Code     0  init.o(.text)
    __decompress                             0x0800016d   Thumb Code     0  __dczerorl2.o(.text)
    __decompress1                            0x0800016d   Thumb Code    92  __dczerorl2.o(.text)
    BusFault_Handler                         0x080001c9   Thumb Code     8  stm32f10x_it.o(i.BusFault_Handler)
    ByteSwap                                 0x080001e1   Thumb Code    10  usb_regs.o(i.ByteSwap)
    CTR_HP                                   0x080001ed   Thumb Code    96  usb_int.o(i.CTR_HP)
    CTR_LP                                   0x08000261   Thumb Code   310  usb_int.o(i.CTR_LP)
    ClearDTOG_RX                             0x080003b1   Thumb Code    30  usb_regs.o(i.ClearDTOG_RX)
    ClearDTOG_TX                             0x080003d5   Thumb Code    30  usb_regs.o(i.ClearDTOG_TX)
    Clear_Status_Out                         0x080003f9   Thumb Code    24  usb_regs.o(i.Clear_Status_Out)
    DebugMon_Handler                         0x08000705   Thumb Code     2  stm32f10x_it.o(i.DebugMon_Handler)
    EP1_IN_Callback                          0x08000707   Thumb Code     2  usb_endp.o(i.EP1_IN_Callback)
    EP2_OUT_Callback                         0x08000709   Thumb Code    20  usb_endp.o(i.EP2_OUT_Callback)
    EP3_IN_Callback                          0x0800071d   Thumb Code     2  usb_endp.o(i.EP3_IN_Callback)
    EP4_OUT_Callback                         0x0800071f   Thumb Code    10  usb_endp.o(i.EP4_OUT_Callback)
    FLASH_PrefetchBufferCmd                  0x08000729   Thumb Code    18  stm32f10x_flash.o(i.FLASH_PrefetchBufferCmd)
    FLASH_SetLatency                         0x08000741   Thumb Code    14  stm32f10x_flash.o(i.FLASH_SetLatency)
    GPIO_Init                                0x08000755   Thumb Code   158  stm32f10x_gpio.o(i.GPIO_Init)
    GPIO_ResetBits                           0x080007f3   Thumb Code     4  stm32f10x_gpio.o(i.GPIO_ResetBits)
    GPIO_SetBits                             0x080007f7   Thumb Code     4  stm32f10x_gpio.o(i.GPIO_SetBits)
    GetEPRxAddr                              0x080007fd   Thumb Code    22  usb_regs.o(i.GetEPRxAddr)
    GetEPRxCount                             0x0800081d   Thumb Code    24  usb_regs.o(i.GetEPRxCount)
    GetEPTxAddr                              0x0800083d   Thumb Code    20  usb_regs.o(i.GetEPTxAddr)
    GetPulseWidthByRotation                  0x08000859   Thumb Code    20  servo.o(i.GetPulseWidthByRotation)
    Get_SerialNum                            0x0800086d   Thumb Code     2  hw_config.o(i.Get_SerialNum)
    HardFault_Handler                        0x08000871   Thumb Code     8  stm32f10x_it.o(i.HardFault_Handler)
    In0_Process                              0x08000889   Thumb Code    80  usb_core.o(i.In0_Process)
    InitCOM                                  0x080008e5   Thumb Code   160  hw_config.o(i.InitCOM)
    LED_GetBlinkState                        0x0800098d   Thumb Code    38  led.o(i.LED_GetBlinkState)
    LED_GetState                             0x080009b9   Thumb Code    14  led.o(i.LED_GetState)
    LED_Off                                  0x080009cd   Thumb Code    38  led.o(i.LED_Off)
    LED_On                                   0x080009f9   Thumb Code    52  led.o(i.LED_On)
    LED_OnBlink                              0x08000a31   Thumb Code    62  led.o(i.LED_OnBlink)
    LED_SysTick_Handler                      0x08000a75   Thumb Code   138  led.o(i.LED_SysTick_Handler)
    Led_Init                                 0x08000b05   Thumb Code   106  led.o(i.Led_Init)
    MemManage_Handler                        0x08000b75   Thumb Code     8  stm32f10x_it.o(i.MemManage_Handler)
    NMI_Handler                              0x08000b91   Thumb Code     2  stm32f10x_it.o(i.NMI_Handler)
    NOP_Process                              0x08000b93   Thumb Code     2  usb_core.o(i.NOP_Process)
    NVIC_Init                                0x08000b95   Thumb Code    90  misc.o(i.NVIC_Init)
    NVIC_PriorityGroupConfig                 0x08000bf9   Thumb Code    10  misc.o(i.NVIC_PriorityGroupConfig)
    Out0_Process                             0x08000ce5   Thumb Code    62  usb_core.o(i.Out0_Process)
    PMAToUserBufferCopy                      0x08000d2d   Thumb Code    26  usb_mem.o(i.PMAToUserBufferCopy)
    PendSV_Handler                           0x08000d4d   Thumb Code     2  stm32f10x_it.o(i.PendSV_Handler)
    Periphery_Config                         0x08000d4f   Thumb Code    14  hw_config.o(i.Periphery_Config)
    Post0_Process                            0x08000d5d   Thumb Code    52  usb_core.o(i.Post0_Process)
    PowerOn                                  0x08000da1   Thumb Code    36  usb_pwr.o(i.PowerOn)
    RCC_APB1PeriphClockCmd                   0x08000dcd   Thumb Code    18  stm32f10x_rcc.o(i.RCC_APB1PeriphClockCmd)
    RCC_APB2PeriphClockCmd                   0x08000de5   Thumb Code    18  stm32f10x_rcc.o(i.RCC_APB2PeriphClockCmd)
    RCC_DeInit                               0x08000e6d   Thumb Code    50  stm32f10x_rcc.o(i.RCC_DeInit)
    RCC_GetClocksFreq                        0x08000ead   Thumb Code   130  stm32f10x_rcc.o(i.RCC_GetClocksFreq)
    RCC_GetFlagStatus                        0x08000f41   Thumb Code    44  stm32f10x_rcc.o(i.RCC_GetFlagStatus)
    RCC_GetSYSCLKSource                      0x08000f71   Thumb Code    10  stm32f10x_rcc.o(i.RCC_GetSYSCLKSource)
    RCC_HCLKConfig                           0x08000f81   Thumb Code    14  stm32f10x_rcc.o(i.RCC_HCLKConfig)
    RCC_HSEConfig                            0x08000f95   Thumb Code    48  stm32f10x_rcc.o(i.RCC_HSEConfig)
    RCC_PCLK1Config                          0x08000fc9   Thumb Code    14  stm32f10x_rcc.o(i.RCC_PCLK1Config)
    RCC_PCLK2Config                          0x08000fdd   Thumb Code    16  stm32f10x_rcc.o(i.RCC_PCLK2Config)
    RCC_PLLCmd                               0x08000ff1   Thumb Code     6  stm32f10x_rcc.o(i.RCC_PLLCmd)
    RCC_PLLConfig                            0x08000ffd   Thumb Code    16  stm32f10x_rcc.o(i.RCC_PLLConfig)
    RCC_SYSCLKConfig                         0x08001011   Thumb Code    14  stm32f10x_rcc.o(i.RCC_SYSCLKConfig)
    RCC_USBCLKConfig                         0x08001025   Thumb Code     6  stm32f10x_rcc.o(i.RCC_USBCLKConfig)
    RCC_WaitForHSEStartUp                    0x08001031   Thumb Code    44  stm32f10x_rcc.o(i.RCC_WaitForHSEStartUp)
    SVC_Handler                              0x0800105d   Thumb Code     2  stm32f10x_it.o(i.SVC_Handler)
    Servo_Init                               0x08001061   Thumb Code   332  servo.o(i.Servo_Init)
    Servo_SetRotation                        0x080011b5   Thumb Code    58  servo.o(i.Servo_SetRotation)
    SetBTABLE                                0x080011f5   Thumb Code    10  usb_regs.o(i.SetBTABLE)
    SetDeviceAddress                         0x08001205   Thumb Code    56  usb_core.o(i.SetDeviceAddress)
    SetEPRxAddr                              0x08001245   Thumb Code    24  usb_regs.o(i.SetEPRxAddr)
    SetEPRxCount                             0x08001265   Thumb Code    54  usb_regs.o(i.SetEPRxCount)
    SetEPRxStatus                            0x080012a5   Thumb Code    42  usb_regs.o(i.SetEPRxStatus)
    SetEPRxValid                             0x080012d5   Thumb Code    28  usb_regs.o(i.SetEPRxValid)
    SetEPTxAddr                              0x080012f5   Thumb Code    22  usb_regs.o(i.SetEPTxAddr)
    SetEPTxCount                             0x08001315   Thumb Code    20  usb_regs.o(i.SetEPTxCount)
    SetEPTxStatus                            0x08001331   Thumb Code    42  usb_regs.o(i.SetEPTxStatus)
    SetEPTxValid                             0x08001361   Thumb Code    28  usb_regs.o(i.SetEPTxValid)
    SetEPType                                0x08001381   Thumb Code    20  usb_regs.o(i.SetEPType)
    Set_System                               0x08001399   Thumb Code    14  hw_config.o(i.Set_System)
    Set_USBClock                             0x080013a7   Thumb Code    20  hw_config.o(i.Set_USBClock)
    Setup0_Process                           0x080013bd   Thumb Code    92  usb_core.o(i.Setup0_Process)
    Standard_ClearFeature                    0x08001425   Thumb Code   214  usb_core.o(i.Standard_ClearFeature)
    Standard_GetConfiguration                0x08001511   Thumb Code    30  usb_core.o(i.Standard_GetConfiguration)
    Standard_GetDescriptorData               0x08001539   Thumb Code    24  usb_core.o(i.Standard_GetDescriptorData)
    Standard_GetInterface                    0x08001555   Thumb Code    30  usb_core.o(i.Standard_GetInterface)
    Standard_GetStatus                       0x0800157d   Thumb Code   128  usb_core.o(i.Standard_GetStatus)
    Standard_SetConfiguration                0x0800160d   Thumb Code    42  usb_core.o(i.Standard_SetConfiguration)
    Standard_SetDeviceFeature                0x08001645   Thumb Code    26  usb_core.o(i.Standard_SetDeviceFeature)
    Standard_SetEndPointFeature              0x08001669   Thumb Code   112  usb_core.o(i.Standard_SetEndPointFeature)
    Standard_SetInterface                    0x080016e9   Thumb Code    60  usb_core.o(i.Standard_SetInterface)
    SysTick_Handler                          0x08001731   Thumb Code     4  stm32f10x_it.o(i.SysTick_Handler)
    TIM_ARRPreloadConfig                     0x08001735   Thumb Code    22  stm32f10x_tim.o(i.TIM_ARRPreloadConfig)
    TIM_Cmd                                  0x0800174b   Thumb Code    22  stm32f10x_tim.o(i.TIM_Cmd)
    TIM_OC1Init                              0x08001761   Thumb Code    88  stm32f10x_tim.o(i.TIM_OC1Init)
    TIM_OC2Init                              0x080017c1   Thumb Code   120  stm32f10x_tim.o(i.TIM_OC2Init)
    TIM_OC2PreloadConfig                     0x08001841   Thumb Code    20  stm32f10x_tim.o(i.TIM_OC2PreloadConfig)
    TIM_OC3Init                              0x08001855   Thumb Code   116  stm32f10x_tim.o(i.TIM_OC3Init)
    TIM_OC4Init                              0x080018d1   Thumb Code    90  stm32f10x_tim.o(i.TIM_OC4Init)
    TIM_TimeBaseInit                         0x08001935   Thumb Code    50  stm32f10x_tim.o(i.TIM_TimeBaseInit)
    Timmy_Data_Setup                         0x08001971   Thumb Code     4  usb_prop.o(i.Timmy_Data_Setup)
    Timmy_GetConfigDescriptor                0x08001975   Thumb Code     6  usb_prop.o(i.Timmy_GetConfigDescriptor)
    Timmy_GetDeviceDescriptor                0x08001981   Thumb Code     6  usb_prop.o(i.Timmy_GetDeviceDescriptor)
    Timmy_GetStringDescriptor                0x0800198d   Thumb Code    24  usb_prop.o(i.Timmy_GetStringDescriptor)
    Timmy_Get_Interface_Setting              0x080019ad   Thumb Code    10  usb_prop.o(i.Timmy_Get_Interface_Setting)
    Timmy_NoData_Setup                       0x080019b7   Thumb Code     4  usb_prop.o(i.Timmy_NoData_Setup)
    Timmy_Reset                              0x080019bd   Thumb Code   260  usb_prop.o(i.Timmy_Reset)
    Timmy_SetConfiguration                   0x08001ad5   Thumb Code    48  usb_prop.o(i.Timmy_SetConfiguration)
    Timmy_SetDeviceAddress                   0x08001b0d   Thumb Code     8  usb_prop.o(i.Timmy_SetDeviceAddress)
    Timmy_Status_In                          0x08001b19   Thumb Code     2  usb_prop.o(i.Timmy_Status_In)
    Timmy_Status_Out                         0x08001b1b   Thumb Code     2  usb_prop.o(i.Timmy_Status_Out)
    Timmy_init                               0x08001b1d   Thumb Code    28  usb_prop.o(i.Timmy_init)
    USART1_IRQHandler                        0x08001b41   Thumb Code    20  hw_config.o(i.USART1_IRQHandler)
    USART_Cmd                                0x08001b5d   Thumb Code    20  stm32f10x_usart.o(i.USART_Cmd)
    USART_GetFlagStatus                      0x08001b71   Thumb Code    14  stm32f10x_usart.o(i.USART_GetFlagStatus)
    USART_ITConfig                           0x08001b7f   Thumb Code    48  stm32f10x_usart.o(i.USART_ITConfig)
    USART_Init                               0x08001bb1   Thumb Code   134  stm32f10x_usart.o(i.USART_Init)
    USART_ReceiveData                        0x08001c3d   Thumb Code     8  stm32f10x_usart.o(i.USART_ReceiveData)
    USART_SendData                           0x08001c45   Thumb Code     8  stm32f10x_usart.o(i.USART_SendData)
    USB_Cable_Config                         0x08001c4d   Thumb Code    20  hw_config.o(i.USB_Cable_Config)
    USB_Disconnect_Config                    0x08001c65   Thumb Code    56  hw_config.o(i.USB_Disconnect_Config)
    USB_HP_CAN1_TX_IRQHandler                0x08001ca1   Thumb Code     4  stm32f10x_it.o(i.USB_HP_CAN1_TX_IRQHandler)
    USB_Init                                 0x08001ca5   Thumb Code    22  usb_init.o(i.USB_Init)
    USB_Interrupts_Config                    0x08001ccd   Thumb Code    64  hw_config.o(i.USB_Interrupts_Config)
    USB_Istr                                 0x08001d0d   Thumb Code    54  usb_istr.o(i.USB_Istr)
    USB_LP_CAN1_RX0_IRQHandler               0x08001d55   Thumb Code     4  stm32f10x_it.o(i.USB_LP_CAN1_RX0_IRQHandler)
    USB_SIL_Init                             0x08001d59   Thumb Code    24  usb_sil.o(i.USB_SIL_Init)
    USB_SIL_Read                             0x08001d79   Thumb Code    36  usb_sil.o(i.USB_SIL_Read)
    USB_SIL_Write                            0x08001d9d   Thumb Code    38  usb_sil.o(i.USB_SIL_Write)
    UsageFault_Handler                       0x08001dc5   Thumb Code     8  stm32f10x_it.o(i.UsageFault_Handler)
    UserToPMABufferCopy                      0x08001ddd   Thumb Code    34  usb_mem.o(i.UserToPMABufferCopy)
    __0printf$3                              0x08001e05   Thumb Code    22  printf3.o(i.__0printf$3)
    __1printf$3                              0x08001e05   Thumb Code     0  printf3.o(i.__0printf$3)
    __2printf                                0x08001e05   Thumb Code     0  printf3.o(i.__0printf$3)
    __scatterload_copy                       0x08001e25   Thumb Code    14  handlers.o(i.__scatterload_copy)
    __scatterload_null                       0x08001e33   Thumb Code     2  handlers.o(i.__scatterload_null)
    __scatterload_zeroinit                   0x08001e35   Thumb Code    14  handlers.o(i.__scatterload_zeroinit)
    fputc                                    0x08001ffd   Thumb Code    30  hw_config.o(i.fputc)
    handle_led_request                       0x08002021   Thumb Code   116  user_usb.o(i.handle_led_request)
    main                                     0x08002095   Thumb Code   126  main.o(i.main)
    printboard                               0x08002169   Thumb Code     6  main.o(i.printboard)
    usb_handle_command                       0x08002175   Thumb Code   142  user_usb.o(i.usb_handle_command)
    Timmy_DeviceDescriptor                   0x08002219   Data          18  usb_desc.o(.constdata)
    Timmy_ConfigDescriptor                   0x0800222b   Data          46  usb_desc.o(.constdata)
    Timmy_StringLangID                       0x08002259   Data           4  usb_desc.o(.constdata)
    Timmy_StringVendor                       0x0800225d   Data          36  usb_desc.o(.constdata)
    Timmy_StringProduct                      0x08002281   Data          12  usb_desc.o(.constdata)
    Timmy_StringInterface                    0x0800228d   Data          20  usb_desc.o(.constdata)
    SystemFrequency                          0x080022a4   Data           4  system_stm32f10x.o(.constdata)
    Region$$Table$$Base                      0x080022a8   Number         0  anon$$obj.o(Region$$Table)
    Region$$Table$$Limit                     0x080022c8   Number         0  anon$$obj.o(Region$$Table)
    HSEStartUpStatus                         0x20000000   Data           1  hw_config.o(.data)
    led_state                                0x20000004   Data           3  led.o(.data)
    led_blink_on                             0x20000008   Data           6  led.o(.data)
    led_blink_off                            0x2000000e   Data           6  led.o(.data)
    led_ticks_on                             0x20000014   Data           6  led.o(.data)
    led_ticks_off                            0x2000001a   Data           6  led.o(.data)
    ledx                                     0x20000020   Data          36  led.o(.data)
    servos                                   0x20000044   Data          72  servo.o(.data)
    Timmy_StringSerial                       0x2000008c   Data          26  usb_desc.o(.data)
    pEpInt_IN                                0x200000a8   Data          28  usb_istr.o(.data)
    pEpInt_OUT                               0x200000c4   Data          28  usb_istr.o(.data)
    wIstr                                    0x200000e0   Data           2  usb_istr.o(.data)
    Device_Table                             0x200000e2   Data           2  usb_prop.o(.data)
    Device_Descriptor                        0x200000e4   Data           8  usb_prop.o(.data)
    Config_Descriptor                        0x200000ec   Data           8  usb_prop.o(.data)
    Device_Property                          0x200000f4   Data          48  usb_prop.o(.data)
    String_Descriptor                        0x20000124   Data          40  usb_prop.o(.data)
    User_Standard_Requests                   0x2000014c   Data          36  usb_prop.o(.data)
    bDeviceState                             0x20000170   Data           4  usb_pwr.o(.data)
    Data_Mul_MaxPacketSize                   0x20000174   Data           1  usb_core.o(.data)
    StatusInfo                               0x20000176   Data           2  usb_core.o(.data)
    EPindex                                  0x20000178   Data           1  usb_init.o(.data)
    pInformation                             0x2000017c   Data           4  usb_init.o(.data)
    pProperty                                0x20000180   Data           4  usb_init.o(.data)
    pUser_Standard_Requests                  0x20000184   Data           4  usb_init.o(.data)
    wInterrupt_Mask                          0x20000188   Data           2  usb_init.o(.data)
    SaveRState                               0x2000018a   Data           2  usb_int.o(.data)
    SaveTState                               0x2000018c   Data           2  usb_int.o(.data)
    __stdout                                 0x200001a4   Data           4  stdout.o(.data)
    Device_Info                              0x200001a8   Data          28  usb_init.o(.bss)
    __initial_sp                             0x200005c8   Data           0  startup_stm32f10x_ld.o(STACK)



==============================================================================

Memory Map of the image

  Image Entry point : 0x080000ed

  Load Region LR_IROM1 (Base: 0x08000000, Size: 0x00002470, Max: 0x00080000, ABSOLUTE, COMPRESSED[0x00002374])

    Execution Region ER_IROM1 (Base: 0x08000000, Size: 0x000022c8, Max: 0x00080000, ABSOLUTE)

    Base Addr    Size         Type   Attr      Idx    E Section Name        Object

    0x08000000   0x000000ec   Data   RO         2960    RESET               startup_stm32f10x_ld.o
    0x080000ec   0x00000000   Code   RO         3015  * .ARM.Collect$$$$00000000  mc_w.l(entry.o)
    0x080000ec   0x00000004   Code   RO         3279    .ARM.Collect$$$$00000001  mc_w.l(entry2.o)
    0x080000f0   0x00000004   Code   RO         3282    .ARM.Collect$$$$00000004  mc_w.l(entry5.o)
    0x080000f4   0x00000000   Code   RO         3284    .ARM.Collect$$$$00000008  mc_w.l(entry7b.o)
    0x080000f4   0x00000000   Code   RO         3286    .ARM.Collect$$$$0000000A  mc_w.l(entry8b.o)
    0x080000f4   0x00000008   Code   RO         3287    .ARM.Collect$$$$0000000B  mc_w.l(entry9a.o)
    0x080000fc   0x00000000   Code   RO         3289    .ARM.Collect$$$$0000000D  mc_w.l(entry10a.o)
    0x080000fc   0x00000000   Code   RO         3291    .ARM.Collect$$$$0000000F  mc_w.l(entry11a.o)
    0x080000fc   0x00000004   Code   RO         3280    .ARM.Collect$$$$00002712  mc_w.l(entry2.o)
    0x08000100   0x0000001c   Code   RO         2961    .text               startup_stm32f10x_ld.o
    0x0800011c   0x0000002c   Code   RO         3294    .text               mc_w.l(uidiv.o)
    0x08000148   0x00000024   Code   RO         3309    .text               mc_w.l(init.o)
    0x0800016c   0x0000005c   Code   RO         3327    .text               mc_w.l(__dczerorl2.o)
    0x080001c8   0x00000018   Code   RO          292    i.BusFault_Handler  stm32f10x_it.o
    0x080001e0   0x0000000a   Code   RO          800    i.ByteSwap          usb_regs.o
    0x080001ea   0x00000002   PAD
    0x080001ec   0x00000074   Code   RO          752    i.CTR_HP            usb_int.o
    0x08000260   0x00000150   Code   RO          753    i.CTR_LP            usb_int.o
    0x080003b0   0x00000024   Code   RO          801    i.ClearDTOG_RX      usb_regs.o
    0x080003d4   0x00000024   Code   RO          802    i.ClearDTOG_TX      usb_regs.o
    0x080003f8   0x0000001c   Code   RO          807    i.Clear_Status_Out  usb_regs.o
    0x08000414   0x000000b4   Code   RO          607    i.DataStageIn       usb_core.o
    0x080004c8   0x000000a4   Code   RO          608    i.DataStageOut      usb_core.o
    0x0800056c   0x00000198   Code   RO          609    i.Data_Setup0       usb_core.o
    0x08000704   0x00000002   Code   RO          293    i.DebugMon_Handler  stm32f10x_it.o
    0x08000706   0x00000002   Code   RO          385    i.EP1_IN_Callback   usb_endp.o
    0x08000708   0x00000014   Code   RO          386    i.EP2_OUT_Callback  usb_endp.o
    0x0800071c   0x00000002   Code   RO          387    i.EP3_IN_Callback   usb_endp.o
    0x0800071e   0x0000000a   Code   RO          388    i.EP4_OUT_Callback  usb_endp.o
    0x08000728   0x00000018   Code   RO         1354    i.FLASH_PrefetchBufferCmd  stm32f10x_flash.o
    0x08000740   0x00000014   Code   RO         1359    i.FLASH_SetLatency  stm32f10x_flash.o
    0x08000754   0x0000009e   Code   RO         1613    i.GPIO_Init         stm32f10x_gpio.o
    0x080007f2   0x00000004   Code   RO         1620    i.GPIO_ResetBits    stm32f10x_gpio.o
    0x080007f6   0x00000004   Code   RO         1621    i.GPIO_SetBits      stm32f10x_gpio.o
    0x080007fa   0x00000002   PAD
    0x080007fc   0x00000020   Code   RO          819    i.GetEPRxAddr       usb_regs.o
    0x0800081c   0x00000020   Code   RO          820    i.GetEPRxCount      usb_regs.o
    0x0800083c   0x0000001c   Code   RO          822    i.GetEPTxAddr       usb_regs.o
    0x08000858   0x00000014   Code   RO          262    i.GetPulseWidthByRotation  servo.o
    0x0800086c   0x00000002   Code   RO            2    i.Get_SerialNum     hw_config.o
    0x0800086e   0x00000002   PAD
    0x08000870   0x00000018   Code   RO          294    i.HardFault_Handler  stm32f10x_it.o
    0x08000888   0x0000005c   Code   RO          610    i.In0_Process       usb_core.o
    0x080008e4   0x000000a8   Code   RO            3    i.InitCOM           hw_config.o
    0x0800098c   0x0000002c   Code   RO          186    i.LED_GetBlinkState  led.o
    0x080009b8   0x00000014   Code   RO          187    i.LED_GetState      led.o
    0x080009cc   0x0000002c   Code   RO          188    i.LED_Off           led.o
    0x080009f8   0x00000038   Code   RO          189    i.LED_On            led.o
    0x08000a30   0x00000044   Code   RO          190    i.LED_OnBlink       led.o
    0x08000a74   0x00000090   Code   RO          191    i.LED_SysTick_Handler  led.o
    0x08000b04   0x00000070   Code   RO          192    i.Led_Init          led.o
    0x08000b74   0x0000001c   Code   RO          295    i.MemManage_Handler  stm32f10x_it.o
    0x08000b90   0x00000002   Code   RO          296    i.NMI_Handler       stm32f10x_it.o
    0x08000b92   0x00000002   Code   RO          611    i.NOP_Process       usb_core.o
    0x08000b94   0x00000064   Code   RO         1184    i.NVIC_Init         misc.o
    0x08000bf8   0x00000014   Code   RO         1185    i.NVIC_PriorityGroupConfig  misc.o
    0x08000c0c   0x000000d8   Code   RO          612    i.NoData_Setup0     usb_core.o
    0x08000ce4   0x00000048   Code   RO          613    i.Out0_Process      usb_core.o
    0x08000d2c   0x00000020   Code   RO          782    i.PMAToUserBufferCopy  usb_mem.o
    0x08000d4c   0x00000002   Code   RO          297    i.PendSV_Handler    stm32f10x_it.o
    0x08000d4e   0x0000000e   Code   RO            5    i.Periphery_Config  hw_config.o
    0x08000d5c   0x00000044   Code   RO          614    i.Post0_Process     usb_core.o
    0x08000da0   0x0000002c   Code   RO          531    i.PowerOn           usb_pwr.o
    0x08000dcc   0x00000018   Code   RO         1723    i.RCC_APB1PeriphClockCmd  stm32f10x_rcc.o
    0x08000de4   0x00000018   Code   RO         1725    i.RCC_APB2PeriphClockCmd  stm32f10x_rcc.o
    0x08000dfc   0x00000070   Code   RO            6    i.RCC_Config        hw_config.o
    0x08000e6c   0x00000040   Code   RO         1732    i.RCC_DeInit        stm32f10x_rcc.o
    0x08000eac   0x00000094   Code   RO         1733    i.RCC_GetClocksFreq  stm32f10x_rcc.o
    0x08000f40   0x00000030   Code   RO         1734    i.RCC_GetFlagStatus  stm32f10x_rcc.o
    0x08000f70   0x00000010   Code   RO         1736    i.RCC_GetSYSCLKSource  stm32f10x_rcc.o
    0x08000f80   0x00000014   Code   RO         1737    i.RCC_HCLKConfig    stm32f10x_rcc.o
    0x08000f94   0x00000034   Code   RO         1738    i.RCC_HSEConfig     stm32f10x_rcc.o
    0x08000fc8   0x00000014   Code   RO         1744    i.RCC_PCLK1Config   stm32f10x_rcc.o
    0x08000fdc   0x00000014   Code   RO         1745    i.RCC_PCLK2Config   stm32f10x_rcc.o
    0x08000ff0   0x0000000c   Code   RO         1746    i.RCC_PLLCmd        stm32f10x_rcc.o
    0x08000ffc   0x00000014   Code   RO         1747    i.RCC_PLLConfig     stm32f10x_rcc.o
    0x08001010   0x00000014   Code   RO         1750    i.RCC_SYSCLKConfig  stm32f10x_rcc.o
    0x08001024   0x0000000c   Code   RO         1751    i.RCC_USBCLKConfig  stm32f10x_rcc.o
    0x08001030   0x0000002c   Code   RO         1752    i.RCC_WaitForHSEStartUp  stm32f10x_rcc.o
    0x0800105c   0x00000002   Code   RO          298    i.SVC_Handler       stm32f10x_it.o
    0x0800105e   0x00000002   PAD
    0x08001060   0x00000154   Code   RO          263    i.Servo_Init        servo.o
    0x080011b4   0x00000040   Code   RO          264    i.Servo_SetRotation  servo.o
    0x080011f4   0x00000010   Code   RO          830    i.SetBTABLE         usb_regs.o
    0x08001204   0x00000040   Code   RO          615    i.SetDeviceAddress  usb_core.o
    0x08001244   0x00000020   Code   RO          844    i.SetEPRxAddr       usb_regs.o
    0x08001264   0x00000040   Code   RO          845    i.SetEPRxCount      usb_regs.o
    0x080012a4   0x00000030   Code   RO          846    i.SetEPRxStatus     usb_regs.o
    0x080012d4   0x00000020   Code   RO          847    i.SetEPRxValid      usb_regs.o
    0x080012f4   0x00000020   Code   RO          848    i.SetEPTxAddr       usb_regs.o
    0x08001314   0x0000001c   Code   RO          849    i.SetEPTxCount      usb_regs.o
    0x08001330   0x00000030   Code   RO          850    i.SetEPTxStatus     usb_regs.o
    0x08001360   0x00000020   Code   RO          851    i.SetEPTxValid      usb_regs.o
    0x08001380   0x00000018   Code   RO          852    i.SetEPType         usb_regs.o
    0x08001398   0x0000000e   Code   RO            7    i.Set_System        hw_config.o
    0x080013a6   0x00000014   Code   RO            8    i.Set_USBClock      hw_config.o
    0x080013ba   0x00000002   PAD
    0x080013bc   0x00000068   Code   RO          616    i.Setup0_Process    usb_core.o
    0x08001424   0x000000ec   Code   RO          617    i.Standard_ClearFeature  usb_core.o
    0x08001510   0x00000028   Code   RO          618    i.Standard_GetConfiguration  usb_core.o
    0x08001538   0x0000001c   Code   RO          619    i.Standard_GetDescriptorData  usb_core.o
    0x08001554   0x00000028   Code   RO          620    i.Standard_GetInterface  usb_core.o
    0x0800157c   0x00000090   Code   RO          621    i.Standard_GetStatus  usb_core.o
    0x0800160c   0x00000038   Code   RO          622    i.Standard_SetConfiguration  usb_core.o
    0x08001644   0x00000024   Code   RO          623    i.Standard_SetDeviceFeature  usb_core.o
    0x08001668   0x00000080   Code   RO          624    i.Standard_SetEndPointFeature  usb_core.o
    0x080016e8   0x00000048   Code   RO          625    i.Standard_SetInterface  usb_core.o
    0x08001730   0x00000004   Code   RO          299    i.SysTick_Handler   stm32f10x_it.o
    0x08001734   0x00000016   Code   RO         2259    i.TIM_ARRPreloadConfig  stm32f10x_tim.o
    0x0800174a   0x00000016   Code   RO         2271    i.TIM_Cmd           stm32f10x_tim.o
    0x08001760   0x00000060   Code   RO         2300    i.TIM_OC1Init       stm32f10x_tim.o
    0x080017c0   0x00000080   Code   RO         2305    i.TIM_OC2Init       stm32f10x_tim.o
    0x08001840   0x00000014   Code   RO         2308    i.TIM_OC2PreloadConfig  stm32f10x_tim.o
    0x08001854   0x0000007c   Code   RO         2310    i.TIM_OC3Init       stm32f10x_tim.o
    0x080018d0   0x00000064   Code   RO         2315    i.TIM_OC4Init       stm32f10x_tim.o
    0x08001934   0x0000003c   Code   RO         2342    i.TIM_TimeBaseInit  stm32f10x_tim.o
    0x08001970   0x00000004   Code   RO          436    i.Timmy_Data_Setup  usb_prop.o
    0x08001974   0x0000000c   Code   RO          437    i.Timmy_GetConfigDescriptor  usb_prop.o
    0x08001980   0x0000000c   Code   RO          438    i.Timmy_GetDeviceDescriptor  usb_prop.o
    0x0800198c   0x00000020   Code   RO          439    i.Timmy_GetStringDescriptor  usb_prop.o
    0x080019ac   0x0000000a   Code   RO          440    i.Timmy_Get_Interface_Setting  usb_prop.o
    0x080019b6   0x00000004   Code   RO          441    i.Timmy_NoData_Setup  usb_prop.o
    0x080019ba   0x00000002   PAD
    0x080019bc   0x00000118   Code   RO          442    i.Timmy_Reset       usb_prop.o
    0x08001ad4   0x00000038   Code   RO          443    i.Timmy_SetConfiguration  usb_prop.o
    0x08001b0c   0x0000000c   Code   RO          444    i.Timmy_SetDeviceAddress  usb_prop.o
    0x08001b18   0x00000002   Code   RO          445    i.Timmy_Status_In   usb_prop.o
    0x08001b1a   0x00000002   Code   RO          446    i.Timmy_Status_Out  usb_prop.o
    0x08001b1c   0x00000024   Code   RO          447    i.Timmy_init        usb_prop.o
    0x08001b40   0x0000001c   Code   RO            9    i.USART1_IRQHandler  hw_config.o
    0x08001b5c   0x00000014   Code   RO         2794    i.USART_Cmd         stm32f10x_usart.o
    0x08001b70   0x0000000e   Code   RO         2797    i.USART_GetFlagStatus  stm32f10x_usart.o
    0x08001b7e   0x00000030   Code   RO         2800    i.USART_ITConfig    stm32f10x_usart.o
    0x08001bae   0x00000002   PAD
    0x08001bb0   0x0000008c   Code   RO         2801    i.USART_Init        stm32f10x_usart.o
    0x08001c3c   0x00000008   Code   RO         2806    i.USART_ReceiveData  stm32f10x_usart.o
    0x08001c44   0x00000008   Code   RO         2809    i.USART_SendData    stm32f10x_usart.o
    0x08001c4c   0x00000018   Code   RO           10    i.USB_Cable_Config  hw_config.o
    0x08001c64   0x0000003c   Code   RO           11    i.USB_Disconnect_Config  hw_config.o
    0x08001ca0   0x00000004   Code   RO          300    i.USB_HP_CAN1_TX_IRQHandler  stm32f10x_it.o
    0x08001ca4   0x00000028   Code   RO          726    i.USB_Init          usb_init.o
    0x08001ccc   0x00000040   Code   RO           12    i.USB_Interrupts_Config  hw_config.o
    0x08001d0c   0x00000048   Code   RO          415    i.USB_Istr          usb_istr.o
    0x08001d54   0x00000004   Code   RO          301    i.USB_LP_CAN1_RX0_IRQHandler  stm32f10x_it.o
    0x08001d58   0x00000020   Code   RO         1160    i.USB_SIL_Init      usb_sil.o
    0x08001d78   0x00000024   Code   RO         1161    i.USB_SIL_Read      usb_sil.o
    0x08001d9c   0x00000026   Code   RO         1162    i.USB_SIL_Write     usb_sil.o
    0x08001dc2   0x00000002   PAD
    0x08001dc4   0x00000018   Code   RO          302    i.UsageFault_Handler  stm32f10x_it.o
    0x08001ddc   0x00000028   Code   RO          783    i.UserToPMABufferCopy  usb_mem.o
    0x08001e04   0x00000020   Code   RO         3107    i.__0printf$3       mc_w.l(printf3.o)
    0x08001e24   0x0000000e   Code   RO         3321    i.__scatterload_copy  mc_w.l(handlers.o)
    0x08001e32   0x00000002   Code   RO         3322    i.__scatterload_null  mc_w.l(handlers.o)
    0x08001e34   0x0000000e   Code   RO         3323    i.__scatterload_zeroinit  mc_w.l(handlers.o)
    0x08001e42   0x00000002   PAD
    0x08001e44   0x000001b8   Code   RO         3114    i._printf_core      mc_w.l(printf3.o)
    0x08001ffc   0x00000024   Code   RO           13    i.fputc             hw_config.o
    0x08002020   0x00000074   Code   RO          574    i.handle_led_request  user_usb.o
    0x08002094   0x000000d4   Code   RO          237    i.main              main.o
    0x08002168   0x0000000c   Code   RO          238    i.printboard        main.o
    0x08002174   0x0000008e   Code   RO          575    i.usb_handle_command  user_usb.o
    0x08002202   0x00000002   PAD
    0x08002204   0x00000015   Data   RO          239    .constdata          main.o
    0x08002219   0x00000012   Data   RO          367    .constdata          usb_desc.o
    0x0800222b   0x0000002e   Data   RO          368    .constdata          usb_desc.o
    0x08002259   0x00000004   Data   RO          369    .constdata          usb_desc.o
    0x0800225d   0x00000024   Data   RO          370    .constdata          usb_desc.o
    0x08002281   0x0000000c   Data   RO          371    .constdata          usb_desc.o
    0x0800228d   0x00000014   Data   RO          372    .constdata          usb_desc.o
    0x080022a1   0x00000003   PAD
    0x080022a4   0x00000004   Data   RO         2978    .constdata          system_stm32f10x.o
    0x080022a8   0x00000020   Data   RO         3319    Region$$Table       anon$$obj.o


    Execution Region RW_IRAM1 (Base: 0x20000000, Size: 0x000005c8, Max: 0x00010000, ABSOLUTE, COMPRESSED[0x000000ac])

    Base Addr    Size         Type   Attr      Idx    E Section Name        Object

    0x20000000   0x00000001   Data   RW           14    .data               hw_config.o
    0x20000001   0x00000003   PAD
    0x20000004   0x00000040   Data   RW          193    .data               led.o
    0x20000044   0x00000048   Data   RW          265    .data               servo.o
    0x2000008c   0x0000001a   Data   RW          373    .data               usb_desc.o
    0x200000a6   0x00000002   PAD
    0x200000a8   0x0000001c   Data   RW          417    .data               usb_istr.o
    0x200000c4   0x0000001c   Data   RW          418    .data               usb_istr.o
    0x200000e0   0x00000002   Data   RW          419    .data               usb_istr.o
    0x200000e2   0x00000002   Data   RW          448    .data               usb_prop.o
    0x200000e4   0x00000068   Data   RW          449    .data               usb_prop.o
    0x2000014c   0x00000024   Data   RW          450    .data               usb_prop.o
    0x20000170   0x00000004   Data   RW          535    .data               usb_pwr.o
    0x20000174   0x00000004   Data   RW          626    .data               usb_core.o
    0x20000178   0x00000001   Data   RW          728    .data               usb_init.o
    0x20000179   0x00000003   PAD
    0x2000017c   0x0000000c   Data   RW          729    .data               usb_init.o
    0x20000188   0x00000002   Data   RW          731    .data               usb_init.o
    0x2000018a   0x00000004   Data   RW          754    .data               usb_int.o
    0x2000018e   0x00000014   Data   RW         1753    .data               stm32f10x_rcc.o
    0x200001a2   0x00000002   PAD
    0x200001a4   0x00000004   Data   RW         3293    .data               mc_w.l(stdout.o)
    0x200001a8   0x0000001c   Zero   RW          727    .bss                usb_init.o
    0x200001c4   0x00000004   PAD
    0x200001c8   0x00000400   Zero   RW         2958    STACK               startup_stm32f10x_ld.o


==============================================================================

Image component sizes


      Code (inc. data)   RO Data    RW Data    ZI Data      Debug   Object Name

       542         36          0          1          0     234919   hw_config.o
       488         40          0         64          0       4020   led.o
       224         92         21          0          0       6000   main.o
       120         20          0          0          0       1379   misc.o
       424         20          0         72          0      19416   servo.o
        28          4        236          0       1024        816   startup_stm32f10x_ld.o
        44         12          0          0          0        969   stm32f10x_flash.o
       166          0          0          0          0       2660   stm32f10x_gpio.o
       120         68          0          0          0       4003   stm32f10x_it.o
       544         96          0         20          0      10153   stm32f10x_rcc.o
       572         44          0          0          0       8394   stm32f10x_tim.o
       238          6          0          0          0       4637   stm32f10x_usart.o
         0          0          4          0          0        820   system_stm32f10x.o
      2150        274          0          4          0      13167   usb_core.o
         0          0        136         26          0        799   usb_desc.o
        34          0          0          0          0       1450   usb_endp.o
        40         18          0         15         28       3930   usb_init.o
       452         46          0          4          0       2029   usb_int.o
        72         18          0         58          0       1148   usb_istr.o
        72         12          0          0          0       1468   usb_mem.o
       462         60          0        142          0       8348   usb_prop.o
        44          8          0          4          0       1667   usb_pwr.o
       558        108          0          0          0       8341   usb_regs.o
       106          8          0          0          0       1858   usb_sil.o
       258          0          0          0          0       1822   user_usb.o

    ----------------------------------------------------------------------
      7776        990        432        420       1056     344213   Object Totals
         0          0         32          0          0          0   (incl. Generated)
        18          0          3         10          4          0   (incl. Padding)

    ----------------------------------------------------------------------

      Code (inc. data)   RO Data    RW Data    ZI Data      Debug   Library Member Name

        92          0          0          0          0          0   __dczerorl2.o
         0          0          0          0          0          0   entry.o
         0          0          0          0          0          0   entry10a.o
         0          0          0          0          0          0   entry11a.o
         8          4          0          0          0          0   entry2.o
         4          0          0          0          0          0   entry5.o
         0          0          0          0          0          0   entry7b.o
         0          0          0          0          0          0   entry8b.o
         8          4          0          0          0          0   entry9a.o
        30          0          0          0          0          0   handlers.o
        36          8          0          0          0         68   init.o
       472         14          0          0          0        180   printf3.o
         0          0          0          4          0          0   stdout.o
        44          0          0          0          0         80   uidiv.o

    ----------------------------------------------------------------------
       696         30          0          4          0        328   Library Totals
         2          0          0          0          0          0   (incl. Padding)

    ----------------------------------------------------------------------

      Code (inc. data)   RO Data    RW Data    ZI Data      Debug   Library Name

       694         30          0          4          0        328   mc_w.l

    ----------------------------------------------------------------------
       696         30          0          4          0        328   Library Totals

    ----------------------------------------------------------------------

==============================================================================


      Code (inc. data)   RO Data    RW Data    ZI Data      Debug   

      8472       1020        432        424       1056     337677   Grand Totals
      8472       1020        432        172       1056     337677   ELF Image Totals (compressed)
      8472       1020        432        172          0          0   ROM Totals

==============================================================================

    Total RO  Size (Code + RO Data)                 8904 (   8.70kB)
    Total RW  Size (RW Data + ZI Data)              1480 (   1.45kB)
    Total ROM Size (Code + RO Data + RW Data)       9076 (   8.86kB)

==============================================================================

